2017-12-02T01:09:42.901732+00:00 localhost kernel: [    0.000000] Initializing cgroup subsys cpuset
2017-12-02T01:09:42.901738+00:00 localhost kernel: [    0.000000] Initializing cgroup subsys cpu
2017-12-02T01:09:42.901738+00:00 localhost kernel: [    0.000000] Initializing cgroup subsys cpuacct
2017-12-02T01:09:42.901739+00:00 localhost kernel: [    0.000000] Linux version 4.4.0-97-generic (buildd@lcy01-16) (gcc version 4.8.4 (Ubuntu 4.8.4-2ubuntu1~14.04.3) ) #120~14.04.1-Ubuntu SMP Wed Sep 20 15:53:13 UTC 2017 (Ubuntu 4.4.0-97.120~14.04.1-generic 4.4.87)
2017-12-02T01:09:42.901739+00:00 localhost kernel: [    0.000000] Command line: ro root=UUID=281774e6-7527-4355-91e8-4c74cd045988 selinux=0 cgroup_enable=memory swapaccount=1 console=tty0 console=ttyS0,115200n8 earlyprintk=ttyS0 rootdelay=300 ipv6.disable=1 audit=1
2017-12-02T01:09:42.901742+00:00 localhost kernel: [    0.000000] KERNEL supported cpus:
2017-12-02T01:09:42.901742+00:00 localhost kernel: [    0.000000]   Intel GenuineIntel
2017-12-02T01:09:42.901743+00:00 localhost kernel: [    0.000000]   AMD AuthenticAMD
2017-12-02T01:09:42.901743+00:00 localhost kernel: [    0.000000]   Centaur CentaurHauls
2017-12-02T01:09:42.901744+00:00 localhost kernel: [    0.000000] x86/fpu: xstate_offset[2]:  576, xstate_sizes[2]:  256
2017-12-02T01:09:42.901744+00:00 localhost kernel: [    0.000000] x86/fpu: Supporting XSAVE feature 0x01: 'x87 floating point registers'
2017-12-02T01:09:42.901745+00:00 localhost kernel: [    0.000000] x86/fpu: Supporting XSAVE feature 0x02: 'SSE registers'
2017-12-02T01:09:42.901747+00:00 localhost kernel: [    0.000000] x86/fpu: Supporting XSAVE feature 0x04: 'AVX registers'
2017-12-02T01:09:42.901748+00:00 localhost kernel: [    0.000000] x86/fpu: Enabled xstate features 0x7, context size is 832 bytes, using 'standard' format.
2017-12-02T01:09:42.901748+00:00 localhost kernel: [    0.000000] x86/fpu: Using 'eager' FPU context switches.
2017-12-02T01:09:42.901749+00:00 localhost kernel: [    0.000000] e820: BIOS-provided physical RAM map:
2017-12-02T01:09:42.901749+00:00 localhost kernel: [    0.000000] BIOS-e820: [mem 0x0000000000000000-0x000000000009fbff] usable
2017-12-02T01:09:42.901750+00:00 localhost kernel: [    0.000000] BIOS-e820: [mem 0x000000000009fc00-0x000000000009ffff] reserved
2017-12-02T01:09:42.901752+00:00 localhost kernel: [    0.000000] BIOS-e820: [mem 0x00000000000f0000-0x00000000000fffff] reserved
2017-12-02T01:09:42.901752+00:00 localhost kernel: [    0.000000] BIOS-e820: [mem 0x0000000000100000-0x00000000bffdffff] usable
2017-12-02T01:09:42.901753+00:00 localhost kernel: [    0.000000] BIOS-e820: [mem 0x00000000bffe0000-0x00000000bfffffff] reserved
2017-12-02T01:09:42.901753+00:00 localhost kernel: [    0.000000] BIOS-e820: [mem 0x00000000feffc000-0x00000000feffffff] reserved
2017-12-02T01:09:42.901754+00:00 localhost kernel: [    0.000000] BIOS-e820: [mem 0x00000000fffc0000-0x00000000ffffffff] reserved
2017-12-02T01:09:42.901754+00:00 localhost kernel: [    0.000000] BIOS-e820: [mem 0x0000000100000000-0x000000013fffffff] usable
2017-12-02T01:09:42.901755+00:00 localhost kernel: [    0.000000] bootconsole [earlyser0] enabled
2017-12-02T01:09:42.901757+00:00 localhost kernel: [    0.000000] NX (Execute Disable) protection: active
2017-12-02T01:09:42.901757+00:00 localhost kernel: [    0.000000] SMBIOS 2.8 present.
2017-12-02T01:09:42.901758+00:00 localhost kernel: [    0.000000] DMI: SUSE Linux Enterprise 12 OpenStack Nova, BIOS rel-1.8.1-0-g4adadbd-20151112_172657-sheep25 04/01/2014
2017-12-02T01:09:42.901758+00:00 localhost kernel: [    0.000000] Hypervisor detected: KVM
2017-12-02T01:09:42.901759+00:00 localhost kernel: [    0.000000] e820: update [mem 0x00000000-0x00000fff] usable ==> reserved
2017-12-02T01:09:42.901759+00:00 localhost kernel: [    0.000000] e820: remove [mem 0x000a0000-0x000fffff] usable
2017-12-02T01:09:42.901762+00:00 localhost kernel: [    0.000000] e820: last_pfn = 0x140000 max_arch_pfn = 0x400000000
2017-12-02T01:09:42.901762+00:00 localhost kernel: [    0.000000] MTRR default type: write-back
2017-12-02T01:09:42.901762+00:00 localhost kernel: [    0.000000] MTRR fixed ranges enabled:
2017-12-02T01:09:42.901763+00:00 localhost kernel: [    0.000000]   00000-9FFFF write-back
2017-12-02T01:09:42.901763+00:00 localhost kernel: [    0.000000]   A0000-BFFFF uncachable
2017-12-02T01:09:42.901764+00:00 localhost kernel: [    0.000000]   C0000-FFFFF write-protect
2017-12-02T01:09:42.901764+00:00 localhost kernel: [    0.000000] MTRR variable ranges enabled:
2017-12-02T01:09:42.901767+00:00 localhost kernel: [    0.000000]   0 base 000C0000000 mask 3FFC0000000 uncachable
2017-12-02T01:09:42.901767+00:00 localhost kernel: [    0.000000]   1 disabled
2017-12-02T01:09:42.901768+00:00 localhost kernel: [    0.000000]   2 disabled
2017-12-02T01:09:42.901768+00:00 localhost kernel: [    0.000000]   3 disabled
2017-12-02T01:09:42.901769+00:00 localhost kernel: [    0.000000]   4 disabled
2017-12-02T01:09:42.901769+00:00 localhost kernel: [    0.000000]   5 disabled
2017-12-02T01:09:42.901772+00:00 localhost kernel: [    0.000000]   6 disabled
2017-12-02T01:09:42.901772+00:00 localhost kernel: [    0.000000]   7 disabled
2017-12-02T01:09:42.901773+00:00 localhost kernel: [    0.000000] x86/PAT: Configuration [0-7]: WB  WC  UC- UC  WB  WC  UC- WT  
2017-12-02T01:09:42.901773+00:00 localhost kernel: [    0.000000] e820: last_pfn = 0xbffe0 max_arch_pfn = 0x400000000
2017-12-02T01:09:42.901774+00:00 localhost kernel: [    0.000000] found SMP MP-table at [mem 0x000f6470-0x000f647f] mapped at [ffff8800000f6470]
2017-12-02T01:09:42.901774+00:00 localhost kernel: [    0.000000] Scanning 1 areas for low memory corruption
2017-12-02T01:09:42.901774+00:00 localhost kernel: [    0.000000] Base memory trampoline at [ffff880000099000] 99000 size 24576
2017-12-02T01:09:42.901777+00:00 localhost kernel: [    0.000000] Using GB pages for direct mapping
2017-12-02T01:09:42.901777+00:00 localhost kernel: [    0.000000] BRK [0x02211000, 0x02211fff] PGTABLE
2017-12-02T01:09:42.901778+00:00 localhost kernel: [    0.000000] BRK [0x02212000, 0x02212fff] PGTABLE
2017-12-02T01:09:42.901778+00:00 localhost kernel: [    0.000000] BRK [0x02213000, 0x02213fff] PGTABLE
2017-12-02T01:09:42.901779+00:00 localhost kernel: [    0.000000] RAMDISK: [mem 0x36ad7000-0x37feffff]
2017-12-02T01:09:42.901779+00:00 localhost kernel: [    0.000000] ACPI: Early table checksum verification disabled
2017-12-02T01:09:42.901781+00:00 localhost kernel: [    0.000000] ACPI: RSDP 0x00000000000F61E0 000014 (v00 BOCHS )
2017-12-02T01:09:42.901782+00:00 localhost kernel: [    0.000000] ACPI: RSDT 0x00000000BFFE16BA 000030 (v01 BOCHS  BXPCRSDT 00000001 BXPC 00000001)
2017-12-02T01:09:42.901782+00:00 localhost kernel: [    0.000000] ACPI: FACP 0x00000000BFFE0BDA 000074 (v01 BOCHS  BXPCFACP 00000001 BXPC 00000001)
2017-12-02T01:09:42.901804+00:00 localhost kernel: [    0.000000] ACPI: DSDT 0x00000000BFFE0040 000B9A (v01 BOCHS  BXPCDSDT 00000001 BXPC 00000001)
2017-12-02T01:09:42.901804+00:00 localhost kernel: [    0.000000] ACPI: FACS 0x00000000BFFE0000 000040
2017-12-02T01:09:42.901805+00:00 localhost kernel: [    0.000000] ACPI: SSDT 0x00000000BFFE0C4E 0009EC (v01 BOCHS  BXPCSSDT 00000001 BXPC 00000001)
2017-12-02T01:09:42.901805+00:00 localhost kernel: [    0.000000] ACPI: APIC 0x00000000BFFE163A 000080 (v01 BOCHS  BXPCAPIC 00000001 BXPC 00000001)
2017-12-02T01:09:42.901808+00:00 localhost kernel: [    0.000000] ACPI: Local APIC address 0xfee00000
2017-12-02T01:09:42.901809+00:00 localhost kernel: [    0.000000] No NUMA configuration found
2017-12-02T01:09:42.901809+00:00 localhost kernel: [    0.000000] Faking a node at [mem 0x0000000000000000-0x000000013fffffff]
2017-12-02T01:09:42.901810+00:00 localhost kernel: [    0.000000] NODE_DATA(0) allocated [mem 0x13fff9000-0x13fffdfff]
2017-12-02T01:09:42.901810+00:00 localhost kernel: [    0.000000] kvm-clock: Using msrs 4b564d01 and 4b564d00
2017-12-02T01:09:42.901811+00:00 localhost kernel: [    0.000000] kvm-clock: cpu 0, msr 1:3fff1001, primary cpu clock
2017-12-02T01:09:42.901813+00:00 localhost kernel: [    0.000000] clocksource: kvm-clock: mask: 0xffffffffffffffff max_cycles: 0x1cd42e4dffb, max_idle_ns: 881590591483 ns
2017-12-02T01:09:42.901813+00:00 localhost kernel: [    0.000000] Zone ranges:
2017-12-02T01:09:42.901814+00:00 localhost kernel: [    0.000000]   DMA      [mem 0x0000000000001000-0x0000000000ffffff]
2017-12-02T01:09:42.901814+00:00 localhost kernel: [    0.000000]   DMA32    [mem 0x0000000001000000-0x00000000ffffffff]
2017-12-02T01:09:42.901815+00:00 localhost kernel: [    0.000000]   Normal   [mem 0x0000000100000000-0x000000013fffffff]
2017-12-02T01:09:42.901815+00:00 localhost kernel: [    0.000000]   Device   empty
2017-12-02T01:09:42.901816+00:00 localhost kernel: [    0.000000] Movable zone start for each node
2017-12-02T01:09:42.901818+00:00 localhost kernel: [    0.000000] Early memory node ranges
2017-12-02T01:09:42.901818+00:00 localhost kernel: [    0.000000]   node   0: [mem 0x0000000000001000-0x000000000009efff]
2017-12-02T01:09:42.901819+00:00 localhost kernel: [    0.000000]   node   0: [mem 0x0000000000100000-0x00000000bffdffff]
2017-12-02T01:09:42.901819+00:00 localhost kernel: [    0.000000]   node   0: [mem 0x0000000100000000-0x000000013fffffff]
2017-12-02T01:09:42.901820+00:00 localhost kernel: [    0.000000] Initmem setup node 0 [mem 0x0000000000001000-0x000000013fffffff]
2017-12-02T01:09:42.901820+00:00 localhost kernel: [    0.000000] On node 0 totalpages: 1048446
2017-12-02T01:09:42.901822+00:00 localhost kernel: [    0.000000]   DMA zone: 64 pages used for memmap
2017-12-02T01:09:42.901823+00:00 localhost kernel: [    0.000000]   DMA zone: 21 pages reserved
2017-12-02T01:09:42.901823+00:00 localhost kernel: [    0.000000]   DMA zone: 3998 pages, LIFO batch:0
2017-12-02T01:09:42.901824+00:00 localhost kernel: [    0.000000]   DMA32 zone: 12224 pages used for memmap
2017-12-02T01:09:42.901824+00:00 localhost kernel: [    0.000000]   DMA32 zone: 782304 pages, LIFO batch:31
2017-12-02T01:09:42.901825+00:00 localhost kernel: [    0.000000]   Normal zone: 4096 pages used for memmap
2017-12-02T01:09:42.901825+00:00 localhost kernel: [    0.000000]   Normal zone: 262144 pages, LIFO batch:31
2017-12-02T01:09:42.901827+00:00 localhost kernel: [    0.000000] ACPI: PM-Timer IO Port: 0x608
2017-12-02T01:09:42.901828+00:00 localhost kernel: [    0.000000] ACPI: Local APIC address 0xfee00000
2017-12-02T01:09:42.901828+00:00 localhost kernel: [    0.000000] ACPI: LAPIC_NMI (acpi_id[0xff] dfl dfl lint[0x1])
2017-12-02T01:09:42.901829+00:00 localhost kernel: [    0.000000] IOAPIC[0]: apic_id 0, version 17, address 0xfec00000, GSI 0-23
2017-12-02T01:09:42.901829+00:00 localhost kernel: [    0.000000] ACPI: INT_SRC_OVR (bus 0 bus_irq 0 global_irq 2 dfl dfl)
2017-12-02T01:09:42.901830+00:00 localhost kernel: [    0.000000] ACPI: INT_SRC_OVR (bus 0 bus_irq 5 global_irq 5 high level)
2017-12-02T01:09:42.901832+00:00 localhost kernel: [    0.000000] ACPI: INT_SRC_OVR (bus 0 bus_irq 9 global_irq 9 high level)
2017-12-02T01:09:42.901832+00:00 localhost kernel: [    0.000000] ACPI: INT_SRC_OVR (bus 0 bus_irq 10 global_irq 10 high level)
2017-12-02T01:09:42.901833+00:00 localhost kernel: [    0.000000] ACPI: INT_SRC_OVR (bus 0 bus_irq 11 global_irq 11 high level)
2017-12-02T01:09:42.901833+00:00 localhost kernel: [    0.000000] ACPI: IRQ0 used by override.
2017-12-02T01:09:42.901834+00:00 localhost kernel: [    0.000000] ACPI: IRQ5 used by override.
2017-12-02T01:09:42.901834+00:00 localhost kernel: [    0.000000] ACPI: IRQ9 used by override.
2017-12-02T01:09:42.901835+00:00 localhost kernel: [    0.000000] ACPI: IRQ10 used by override.
2017-12-02T01:09:42.901837+00:00 localhost kernel: [    0.000000] ACPI: IRQ11 used by override.
2017-12-02T01:09:42.901837+00:00 localhost kernel: [    0.000000] Using ACPI (MADT) for SMP configuration information
2017-12-02T01:09:42.901838+00:00 localhost kernel: [    0.000000] smpboot: Allowing 2 CPUs, 0 hotplug CPUs
2017-12-02T01:09:42.901838+00:00 localhost kernel: [    0.000000] PM: Registered nosave memory: [mem 0x00000000-0x00000fff]
2017-12-02T01:09:42.901839+00:00 localhost kernel: [    0.000000] PM: Registered nosave memory: [mem 0x0009f000-0x0009ffff]
2017-12-02T01:09:42.901839+00:00 localhost kernel: [    0.000000] PM: Registered nosave memory: [mem 0x000a0000-0x000effff]
2017-12-02T01:09:42.901840+00:00 localhost kernel: [    0.000000] PM: Registered nosave memory: [mem 0x000f0000-0x000fffff]
2017-12-02T01:09:42.901842+00:00 localhost kernel: [    0.000000] PM: Registered nosave memory: [mem 0xbffe0000-0xbfffffff]
2017-12-02T01:09:42.901842+00:00 localhost kernel: [    0.000000] PM: Registered nosave memory: [mem 0xc0000000-0xfeffbfff]
2017-12-02T01:09:42.901843+00:00 localhost kernel: [    0.000000] PM: Registered nosave memory: [mem 0xfeffc000-0xfeffffff]
2017-12-02T01:09:42.901843+00:00 localhost kernel: [    0.000000] PM: Registered nosave memory: [mem 0xff000000-0xfffbffff]
2017-12-02T01:09:42.901844+00:00 localhost kernel: [    0.000000] PM: Registered nosave memory: [mem 0xfffc0000-0xffffffff]
2017-12-02T01:09:42.901844+00:00 localhost kernel: [    0.000000] e820: [mem 0xc0000000-0xfeffbfff] available for PCI devices
2017-12-02T01:09:42.901846+00:00 localhost kernel: [    0.000000] Booting paravirtualized kernel on KVM
2017-12-02T01:09:42.901847+00:00 localhost kernel: [    0.000000] clocksource: refined-jiffies: mask: 0xffffffff max_cycles: 0xffffffff, max_idle_ns: 7645519600211568 ns
2017-12-02T01:09:42.901847+00:00 localhost kernel: [    0.000000] setup_percpu: NR_CPUS:512 nr_cpumask_bits:512 nr_cpu_ids:2 nr_node_ids:1
2017-12-02T01:09:42.901870+00:00 localhost kernel: [    0.000000] PERCPU: Embedded 34 pages/cpu @ffff88013fc00000 s98392 r8192 d32680 u1048576
2017-12-02T01:09:42.901871+00:00 localhost kernel: [    0.000000] pcpu-alloc: s98392 r8192 d32680 u1048576 alloc=1*2097152
2017-12-02T01:09:42.901871+00:00 localhost kernel: [    0.000000] pcpu-alloc: [0] 0 1 
2017-12-02T01:09:42.901873+00:00 localhost kernel: [    0.000000] KVM setup async PF for cpu 0
2017-12-02T01:09:42.901874+00:00 localhost kernel: [    0.000000] kvm-stealtime: cpu 0, msr 13fc0da00
2017-12-02T01:09:42.901874+00:00 localhost kernel: [    0.000000] Built 1 zonelists in Node order, mobility grouping on.  Total pages: 1032041
2017-12-02T01:09:42.901875+00:00 localhost kernel: [    0.000000] Policy zone: Normal
2017-12-02T01:09:42.901875+00:00 localhost kernel: [    0.000000] Kernel command line: ro root=UUID=281774e6-7527-4355-91e8-4c74cd045988 selinux=0 cgroup_enable=memory swapaccount=1 console=tty0 console=ttyS0,115200n8 earlyprintk=ttyS0 rootdelay=300 ipv6.disable=1 audit=1
2017-12-02T01:09:42.901876+00:00 localhost kernel: [    0.000000] audit: enabled (after initialization)
2017-12-02T01:09:42.901876+00:00 localhost kernel: [    0.000000] PID hash table entries: 4096 (order: 3, 32768 bytes)
2017-12-02T01:09:42.901879+00:00 localhost kernel: [    0.000000] Calgary: detecting Calgary via BIOS EBDA area
2017-12-02T01:09:42.901879+00:00 localhost kernel: [    0.000000] Calgary: Unable to locate Rio Grande table in EBDA - bailing!
2017-12-02T01:09:42.901880+00:00 localhost kernel: [    0.000000] Memory: 4021404K/4193784K available (8272K kernel code, 1304K rwdata, 4004K rodata, 1496K init, 1316K bss, 172380K reserved, 0K cma-reserved)
2017-12-02T01:09:42.901880+00:00 localhost kernel: [    0.000000] SLUB: HWalign=64, Order=0-3, MinObjects=0, CPUs=2, Nodes=1
2017-12-02T01:09:42.901881+00:00 localhost kernel: [    0.000000] Hierarchical RCU implementation.
2017-12-02T01:09:42.901881+00:00 localhost kernel: [    0.000000] 	Build-time adjustment of leaf fanout to 64.
2017-12-02T01:09:42.901883+00:00 localhost kernel: [    0.000000] 	RCU restricting CPUs from NR_CPUS=512 to nr_cpu_ids=2.
2017-12-02T01:09:42.901884+00:00 localhost kernel: [    0.000000] RCU: Adjusting geometry for rcu_fanout_leaf=64, nr_cpu_ids=2
2017-12-02T01:09:42.901884+00:00 localhost kernel: [    0.000000] NR_IRQS:33024 nr_irqs:440 16
2017-12-02T01:09:42.901885+00:00 localhost kernel: [    0.000000] Console: colour VGA+ 80x25
2017-12-02T01:09:42.901885+00:00 localhost kernel: [    0.000000] console [tty0] enabled
2017-12-02T01:09:42.901886+00:00 localhost kernel: [    0.000000] console [ttyS0] enabled
2017-12-02T01:09:42.901888+00:00 localhost kernel: [    0.000000] bootconsole [earlyser0] disabled
2017-12-02T01:09:42.901888+00:00 localhost kernel: [    0.000000] tsc: Detected 2593.992 MHz processor
2017-12-02T01:09:42.901889+00:00 localhost kernel: [    0.004000] Calibrating delay loop (skipped) preset value.. 5187.98 BogoMIPS (lpj=10375968)
2017-12-02T01:09:42.901889+00:00 localhost kernel: [    0.004000] pid_max: default: 32768 minimum: 301
2017-12-02T01:09:42.901890+00:00 localhost kernel: [    0.004000] ACPI: Core revision 20150930
2017-12-02T01:09:42.901890+00:00 localhost kernel: [    0.004000] ACPI: 2 ACPI AML tables successfully acquired and loaded
2017-12-02T01:09:42.901891+00:00 localhost kernel: [    0.004000] Security Framework initialized
2017-12-02T01:09:42.901894+00:00 localhost kernel: [    0.004005] Yama: becoming mindful.
2017-12-02T01:09:42.901894+00:00 localhost kernel: [    0.004435] AppArmor: AppArmor initialized
2017-12-02T01:09:42.901895+00:00 localhost kernel: [    0.005704] Dentry cache hash table entries: 524288 (order: 10, 4194304 bytes)
2017-12-02T01:09:42.901895+00:00 localhost kernel: [    0.008703] Inode-cache hash table entries: 262144 (order: 9, 2097152 bytes)
2017-12-02T01:09:42.901896+00:00 localhost kernel: [    0.009676] Mount-cache hash table entries: 8192 (order: 4, 65536 bytes)
2017-12-02T01:09:42.901896+00:00 localhost kernel: [    0.010373] Mountpoint-cache hash table entries: 8192 (order: 4, 65536 bytes)
2017-12-02T01:09:42.901897+00:00 localhost kernel: [    0.011189] Initializing cgroup subsys io
2017-12-02T01:09:42.901899+00:00 localhost kernel: [    0.011660] Initializing cgroup subsys memory
2017-12-02T01:09:42.901900+00:00 localhost kernel: [    0.012007] Initializing cgroup subsys devices
2017-12-02T01:09:42.901900+00:00 localhost kernel: [    0.012494] Initializing cgroup subsys freezer
2017-12-02T01:09:42.901901+00:00 localhost kernel: [    0.012981] Initializing cgroup subsys net_cls
2017-12-02T01:09:42.901901+00:00 localhost kernel: [    0.013467] Initializing cgroup subsys perf_event
2017-12-02T01:09:42.901902+00:00 localhost kernel: [    0.013981] Initializing cgroup subsys net_prio
2017-12-02T01:09:42.901904+00:00 localhost kernel: [    0.014474] Initializing cgroup subsys hugetlb
2017-12-02T01:09:42.901904+00:00 localhost kernel: [    0.014961] Initializing cgroup subsys pids
2017-12-02T01:09:42.901905+00:00 localhost kernel: [    0.016327] mce: CPU supports 10 MCE banks
2017-12-02T01:09:42.901905+00:00 localhost kernel: [    0.016820] Last level iTLB entries: 4KB 0, 2MB 0, 4MB 0
2017-12-02T01:09:42.901906+00:00 localhost kernel: [    0.017367] Last level dTLB entries: 4KB 0, 2MB 0, 4MB 0, 1GB 0
2017-12-02T01:09:42.901906+00:00 localhost kernel: [    0.018989] Freeing SMP alternatives memory: 32K
2017-12-02T01:09:42.901907+00:00 localhost kernel: [    0.023824] ftrace: allocating 32176 entries in 126 pages
2017-12-02T01:09:42.901909+00:00 localhost kernel: [    0.032083] smpboot: APIC(0) Converting physical 0 to logical package 0
2017-12-02T01:09:42.901910+00:00 localhost kernel: [    0.032760] smpboot: APIC(1) Converting physical 1 to logical package 1
2017-12-02T01:09:42.901910+00:00 localhost kernel: [    0.033441] smpboot: Max logical packages: 2
2017-12-02T01:09:42.901910+00:00 localhost kernel: [    0.034033] x2apic enabled
2017-12-02T01:09:42.901911+00:00 localhost kernel: [    0.034524] Switched APIC routing to physical x2apic.
2017-12-02T01:09:42.901911+00:00 localhost kernel: [    0.036675] ..TIMER: vector=0x30 apic1=0 pin1=2 apic2=-1 pin2=-1
2017-12-02T01:09:42.901914+00:00 localhost kernel: [    0.037407] TSC deadline timer enabled
2017-12-02T01:09:42.901914+00:00 localhost kernel: [    0.037410] smpboot: CPU0: Intel Core Processor (Haswell, no TSX) (family: 0x6, model: 0x3c, stepping: 0x1)
2017-12-02T01:09:42.901915+00:00 localhost kernel: [    0.038742] Performance Events: unsupported p6 CPU model 60 no PMU driver, software events only.
2017-12-02T01:09:42.901915+00:00 localhost kernel: [    0.040000] x86: Booting SMP configuration:
2017-12-02T01:09:42.901916+00:00 localhost kernel: [    0.040003] .... node  #0, CPUs:      #1
2017-12-02T01:09:42.901916+00:00 localhost kernel: [    0.004000] kvm-clock: cpu 1, msr 1:3fff1041, secondary cpu clock
2017-12-02T01:09:42.901916+00:00 localhost kernel: [    0.044017] x86: Booted up 1 node, 2 CPUs
2017-12-02T01:09:42.901944+00:00 localhost kernel: [    0.044012] KVM setup async PF for cpu 1
2017-12-02T01:09:42.901944+00:00 localhost kernel: [    0.044012] kvm-stealtime: cpu 1, msr 13fd0da00
2017-12-02T01:09:42.901945+00:00 localhost kernel: [    0.045495] smpboot: Total of 2 processors activated (10375.96 BogoMIPS)
2017-12-02T01:09:42.901945+00:00 localhost kernel: [    0.046355] devtmpfs: initialized
2017-12-02T01:09:42.901945+00:00 localhost kernel: [    0.048374] evm: security.selinux
2017-12-02T01:09:42.901946+00:00 localhost kernel: [    0.048781] evm: security.SMACK64
2017-12-02T01:09:42.901948+00:00 localhost kernel: [    0.049195] evm: security.SMACK64EXEC
2017-12-02T01:09:42.901948+00:00 localhost kernel: [    0.049628] evm: security.SMACK64TRANSMUTE
2017-12-02T01:09:42.901949+00:00 localhost kernel: [    0.050083] evm: security.SMACK64MMAP
2017-12-02T01:09:42.901949+00:00 localhost kernel: [    0.050533] evm: security.ima
2017-12-02T01:09:42.901950+00:00 localhost kernel: [    0.050922] evm: security.capability
2017-12-02T01:09:42.901950+00:00 localhost kernel: [    0.051351] clocksource: jiffies: mask: 0xffffffff max_cycles: 0xffffffff, max_idle_ns: 7645041785100000 ns
2017-12-02T01:09:42.901951+00:00 localhost kernel: [    0.052010] futex hash table entries: 512 (order: 3, 32768 bytes)
2017-12-02T01:09:42.901953+00:00 localhost kernel: [    0.052659] pinctrl core: initialized pinctrl subsystem
2017-12-02T01:09:42.901954+00:00 localhost kernel: [    0.052720] RTC time:  1:09:10, date: 12/02/17
2017-12-02T01:09:42.901954+00:00 localhost kernel: [    0.053904] NET: Registered protocol family 16
2017-12-02T01:09:42.901954+00:00 localhost kernel: [    0.064008] cpuidle: using governor ladder
2017-12-02T01:09:42.901955+00:00 localhost kernel: [    0.076009] cpuidle: using governor menu
2017-12-02T01:09:42.901955+00:00 localhost kernel: [    0.076530] PCCT header not found.
2017-12-02T01:09:42.901957+00:00 localhost kernel: [    0.077110] ACPI: bus type PCI registered
2017-12-02T01:09:42.901958+00:00 localhost kernel: [    0.077620] acpiphp: ACPI Hot Plug PCI Controller Driver version: 0.5
2017-12-02T01:09:42.901958+00:00 localhost kernel: [    0.078362] PCI: Using configuration type 1 for base access
2017-12-02T01:09:42.901959+00:00 localhost kernel: [    0.088083] ACPI: Added _OSI(Module Device)
2017-12-02T01:09:42.901959+00:00 localhost kernel: [    0.088574] ACPI: Added _OSI(Processor Device)
2017-12-02T01:09:42.901960+00:00 localhost kernel: [    0.089064] ACPI: Added _OSI(3.0 _SCP Extensions)
2017-12-02T01:09:42.901960+00:00 localhost kernel: [    0.089578] ACPI: Added _OSI(Processor Aggregator Device)
2017-12-02T01:09:42.901962+00:00 localhost kernel: [    0.090986] ACPI: Interpreter enabled
2017-12-02T01:09:42.901963+00:00 localhost kernel: [    0.091441] ACPI: (supports S0 S3 S4 S5)
2017-12-02T01:09:42.901963+00:00 localhost kernel: [    0.092010] ACPI: Using IOAPIC for interrupt routing
2017-12-02T01:09:42.901964+00:00 localhost kernel: [    0.092549] PCI: Using host bridge windows from ACPI; if necessary, use "pci=nocrs" and report a bug
2017-12-02T01:09:42.901964+00:00 localhost kernel: [    0.095216] ACPI: PCI Root Bridge [PCI0] (domain 0000 [bus 00-ff])
2017-12-02T01:09:42.901965+00:00 localhost kernel: [    0.095846] acpi PNP0A03:00: _OSC: OS supports [ASPM ClockPM Segments MSI]
2017-12-02T01:09:42.901969+00:00 localhost kernel: [    0.096007] acpi PNP0A03:00: _OSC failed (AE_NOT_FOUND); disabling ASPM
2017-12-02T01:09:42.901969+00:00 localhost kernel: [    0.096668] acpi PNP0A03:00: fail to add MMCONFIG information, can't access extended PCI configuration space under this bridge.
2017-12-02T01:09:42.901970+00:00 localhost kernel: [    0.098008] acpiphp: Slot [3] registered
2017-12-02T01:09:42.901970+00:00 localhost kernel: [    0.098469] acpiphp: Slot [4] registered
2017-12-02T01:09:42.901971+00:00 localhost kernel: [    0.098929] acpiphp: Slot [5] registered
2017-12-02T01:09:42.901971+00:00 localhost kernel: [    0.100032] acpiphp: Slot [6] registered
2017-12-02T01:09:42.901974+00:00 localhost kernel: [    0.100509] acpiphp: Slot [7] registered
2017-12-02T01:09:42.901974+00:00 localhost kernel: [    0.100971] acpiphp: Slot [8] registered
2017-12-02T01:09:42.901974+00:00 localhost kernel: [    0.101435] acpiphp: Slot [9] registered
2017-12-02T01:09:42.901975+00:00 localhost kernel: [    0.101896] acpiphp: Slot [10] registered
2017-12-02T01:09:42.901975+00:00 localhost kernel: [    0.102358] acpiphp: Slot [11] registered
2017-12-02T01:09:42.901976+00:00 localhost kernel: [    0.102821] acpiphp: Slot [12] registered
2017-12-02T01:09:42.901976+00:00 localhost kernel: [    0.103287] acpiphp: Slot [13] registered
2017-12-02T01:09:42.901979+00:00 localhost kernel: [    0.103754] acpiphp: Slot [14] registered
2017-12-02T01:09:42.901979+00:00 localhost kernel: [    0.104017] acpiphp: Slot [15] registered
2017-12-02T01:09:42.901980+00:00 localhost kernel: [    0.104486] acpiphp: Slot [16] registered
2017-12-02T01:09:42.901980+00:00 localhost kernel: [    0.104961] acpiphp: Slot [17] registered
2017-12-02T01:09:42.901981+00:00 localhost kernel: [    0.105434] acpiphp: Slot [18] registered
2017-12-02T01:09:42.901981+00:00 localhost kernel: [    0.105897] acpiphp: Slot [19] registered
2017-12-02T01:09:42.901981+00:00 localhost kernel: [    0.106360] acpiphp: Slot [20] registered
2017-12-02T01:09:42.901984+00:00 localhost kernel: [    0.106818] acpiphp: Slot [21] registered
2017-12-02T01:09:42.901984+00:00 localhost kernel: [    0.107291] acpiphp: Slot [22] registered
2017-12-02T01:09:42.901985+00:00 localhost kernel: [    0.107753] acpiphp: Slot [23] registered
2017-12-02T01:09:42.901985+00:00 localhost kernel: [    0.108016] acpiphp: Slot [24] registered
2017-12-02T01:09:42.901986+00:00 localhost kernel: [    0.108481] acpiphp: Slot [25] registered
2017-12-02T01:09:42.901986+00:00 localhost kernel: [    0.108953] acpiphp: Slot [26] registered
2017-12-02T01:09:42.901989+00:00 localhost kernel: [    0.109438] acpiphp: Slot [27] registered
2017-12-02T01:09:42.901989+00:00 localhost kernel: [    0.109907] acpiphp: Slot [28] registered
2017-12-02T01:09:42.901989+00:00 localhost kernel: [    0.110372] acpiphp: Slot [29] registered
2017-12-02T01:09:42.901990+00:00 localhost kernel: [    0.110836] acpiphp: Slot [30] registered
2017-12-02T01:09:42.901990+00:00 localhost kernel: [    0.111299] acpiphp: Slot [31] registered
2017-12-02T01:09:42.901991+00:00 localhost kernel: [    0.111760] PCI host bridge to bus 0000:00
2017-12-02T01:09:42.901991+00:00 localhost kernel: [    0.112005] pci_bus 0000:00: root bus resource [io  0x0000-0x0cf7 window]
2017-12-02T01:09:42.901994+00:00 localhost kernel: [    0.112675] pci_bus 0000:00: root bus resource [io  0x0d00-0xffff window]
2017-12-02T01:09:42.901995+00:00 localhost kernel: [    0.113335] pci_bus 0000:00: root bus resource [mem 0x000a0000-0x000bffff window]
2017-12-02T01:09:42.901995+00:00 localhost kernel: [    0.114167] pci_bus 0000:00: root bus resource [mem 0xc0000000-0xfebfffff window]
2017-12-02T01:09:42.901996+00:00 localhost kernel: [    0.114982] pci_bus 0000:00: root bus resource [bus 00-ff]
2017-12-02T01:09:42.901996+00:00 localhost kernel: [    0.115570] pci 0000:00:00.0: [8086:1237] type 00 class 0x060000
2017-12-02T01:09:42.901997+00:00 localhost kernel: [    0.115822] pci 0000:00:01.0: [8086:7000] type 00 class 0x060100
2017-12-02T01:09:42.902000+00:00 localhost kernel: [    0.116135] pci 0000:00:01.1: [8086:7010] type 00 class 0x010180
2017-12-02T01:09:42.902022+00:00 localhost kernel: [    0.120005] pci 0000:00:01.1: reg 0x20: [io  0xc0a0-0xc0af]
2017-12-02T01:09:42.902023+00:00 localhost kernel: [    0.121869] pci 0000:00:01.1: legacy IDE quirk: reg 0x10: [io  0x01f0-0x01f7]
2017-12-02T01:09:42.902023+00:00 localhost kernel: [    0.122577] pci 0000:00:01.1: legacy IDE quirk: reg 0x14: [io  0x03f6]
2017-12-02T01:09:42.902024+00:00 localhost kernel: [    0.123239] pci 0000:00:01.1: legacy IDE quirk: reg 0x18: [io  0x0170-0x0177]
2017-12-02T01:09:42.902024+00:00 localhost kernel: [    0.123937] pci 0000:00:01.1: legacy IDE quirk: reg 0x1c: [io  0x0376]
2017-12-02T01:09:42.902024+00:00 localhost kernel: [    0.124102] pci 0000:00:01.2: [8086:7020] type 00 class 0x0c0300
2017-12-02T01:09:42.902028+00:00 localhost kernel: [    0.128356] pci 0000:00:01.2: reg 0x20: [io  0xc040-0xc05f]
2017-12-02T01:09:42.902028+00:00 localhost kernel: [    0.129996] pci 0000:00:01.3: [8086:7113] type 00 class 0x068000
2017-12-02T01:09:42.902029+00:00 localhost kernel: [    0.130234] pci 0000:00:01.3: quirk: [io  0x0600-0x063f] claimed by PIIX4 ACPI
2017-12-02T01:09:42.902029+00:00 localhost kernel: [    0.131090] pci 0000:00:01.3: quirk: [io  0x0700-0x070f] claimed by PIIX4 SMB
2017-12-02T01:09:42.902030+00:00 localhost kernel: [    0.131950] pci 0000:00:02.0: [1013:00b8] type 00 class 0x030000
2017-12-02T01:09:42.902030+00:00 localhost kernel: [    0.132841] pci 0000:00:02.0: reg 0x10: [mem 0xfc000000-0xfdffffff pref]
2017-12-02T01:09:42.902033+00:00 localhost kernel: [    0.134721] pci 0000:00:02.0: reg 0x14: [mem 0xfebd0000-0xfebd0fff]
2017-12-02T01:09:42.902033+00:00 localhost kernel: [    0.142368] pci 0000:00:02.0: reg 0x30: [mem 0xfebc0000-0xfebcffff pref]
2017-12-02T01:09:42.902033+00:00 localhost kernel: [    0.142511] pci 0000:00:03.0: [1af4:1000] type 00 class 0x020000
2017-12-02T01:09:42.902034+00:00 localhost kernel: [    0.143995] pci 0000:00:03.0: reg 0x10: [io  0xc060-0xc07f]
2017-12-02T01:09:42.902034+00:00 localhost kernel: [    0.145743] pci 0000:00:03.0: reg 0x14: [mem 0xfebd1000-0xfebd1fff]
2017-12-02T01:09:42.902035+00:00 localhost kernel: [    0.152004] pci 0000:00:03.0: reg 0x30: [mem 0xfeb80000-0xfebbffff pref]
2017-12-02T01:09:42.902035+00:00 localhost kernel: [    0.152177] pci 0000:00:04.0: [1af4:1001] type 00 class 0x010000
2017-12-02T01:09:42.902038+00:00 localhost kernel: [    0.153583] pci 0000:00:04.0: reg 0x10: [io  0xc000-0xc03f]
2017-12-02T01:09:42.902038+00:00 localhost kernel: [    0.155006] pci 0000:00:04.0: reg 0x14: [mem 0xfebd2000-0xfebd2fff]
2017-12-02T01:09:42.902039+00:00 localhost kernel: [    0.161457] pci 0000:00:05.0: [1af4:1002] type 00 class 0x00ff00
2017-12-02T01:09:42.902039+00:00 localhost kernel: [    0.162161] pci 0000:00:05.0: reg 0x10: [io  0xc080-0xc09f]
2017-12-02T01:09:42.902040+00:00 localhost kernel: [    0.167119] ACPI: PCI Interrupt Link [LNKA] (IRQs 5 *10 11)
2017-12-02T01:09:42.902040+00:00 localhost kernel: [    0.168076] ACPI: PCI Interrupt Link [LNKB] (IRQs 5 *10 11)
2017-12-02T01:09:42.902041+00:00 localhost kernel: [    0.168956] ACPI: PCI Interrupt Link [LNKC] (IRQs 5 10 *11)
2017-12-02T01:09:42.902043+00:00 localhost kernel: [    0.169835] ACPI: PCI Interrupt Link [LNKD] (IRQs 5 10 *11)
2017-12-02T01:09:42.902044+00:00 localhost kernel: [    0.170709] ACPI: PCI Interrupt Link [LNKS] (IRQs *9)
2017-12-02T01:09:42.902044+00:00 localhost kernel: [    0.171626] ACPI: Enabled 16 GPEs in block 00 to 0F
2017-12-02T01:09:42.902045+00:00 localhost kernel: [    0.172139] vgaarb: setting as boot device: PCI:0000:00:02.0
2017-12-02T01:09:42.902045+00:00 localhost kernel: [    0.172603] vgaarb: device added: PCI:0000:00:02.0,decodes=io+mem,owns=io+mem,locks=none
2017-12-02T01:09:42.902046+00:00 localhost kernel: [    0.173463] vgaarb: loaded
2017-12-02T01:09:42.902048+00:00 localhost kernel: [    0.173819] vgaarb: bridge control possible 0000:00:02.0
2017-12-02T01:09:42.902049+00:00 localhost kernel: [    0.174596] SCSI subsystem initialized
2017-12-02T01:09:42.902049+00:00 localhost kernel: [    0.175075] libata version 3.00 loaded.
2017-12-02T01:09:42.902050+00:00 localhost kernel: [    0.175075] ACPI: bus type USB registered
2017-12-02T01:09:42.902050+00:00 localhost kernel: [    0.175075] usbcore: registered new interface driver usbfs
2017-12-02T01:09:42.902051+00:00 localhost kernel: [    0.176013] usbcore: registered new interface driver hub
2017-12-02T01:09:42.902051+00:00 localhost kernel: [    0.176579] usbcore: registered new device driver usb
2017-12-02T01:09:42.902054+00:00 localhost kernel: [    0.177171] PCI: Using ACPI for IRQ routing
2017-12-02T01:09:42.902054+00:00 localhost kernel: [    0.177171] PCI: pci_cache_line_size set to 64 bytes
2017-12-02T01:09:42.902055+00:00 localhost kernel: [    0.177171] e820: reserve RAM buffer [mem 0x0009fc00-0x0009ffff]
2017-12-02T01:09:42.902055+00:00 localhost kernel: [    0.177171] e820: reserve RAM buffer [mem 0xbffe0000-0xbfffffff]
2017-12-02T01:09:42.902055+00:00 localhost kernel: [    0.177171] NetLabel: Initializing
2017-12-02T01:09:42.902056+00:00 localhost kernel: [    0.177171] NetLabel:  domain hash size = 128
2017-12-02T01:09:42.902059+00:00 localhost kernel: [    0.177616] NetLabel:  protocols = UNLABELED CIPSOv4
2017-12-02T01:09:42.902059+00:00 localhost kernel: [    0.178165] NetLabel:  unlabeled traffic allowed by default
2017-12-02T01:09:42.902060+00:00 localhost kernel: [    0.180069] amd_nb: Cannot enumerate AMD northbridges
2017-12-02T01:09:42.902060+00:00 localhost kernel: [    0.180626] clocksource: Switched to clocksource kvm-clock
2017-12-02T01:09:42.902060+00:00 localhost kernel: [    0.188520] AppArmor: AppArmor Filesystem Enabled
2017-12-02T01:09:42.902061+00:00 localhost kernel: [    0.189153] pnp: PnP ACPI init
2017-12-02T01:09:42.902061+00:00 localhost kernel: [    0.189611] pnp 00:00: Plug and Play ACPI device, IDs PNP0b00 (active)
2017-12-02T01:09:42.902064+00:00 localhost kernel: [    0.189647] pnp 00:01: Plug and Play ACPI device, IDs PNP0303 (active)
2017-12-02T01:09:42.902064+00:00 localhost kernel: [    0.189668] pnp 00:02: Plug and Play ACPI device, IDs PNP0f13 (active)
2017-12-02T01:09:42.902065+00:00 localhost kernel: [    0.189692] pnp 00:03: [dma 2]
2017-12-02T01:09:42.902065+00:00 localhost kernel: [    0.189702] pnp 00:03: Plug and Play ACPI device, IDs PNP0700 (active)
2017-12-02T01:09:42.902066+00:00 localhost kernel: [    0.189758] pnp 00:04: Plug and Play ACPI device, IDs PNP0501 (active)
2017-12-02T01:09:42.902066+00:00 localhost kernel: [    0.189789] pnp 00:05: Plug and Play ACPI device, IDs PNP0501 (active)
2017-12-02T01:09:42.902069+00:00 localhost kernel: [    0.189927] pnp: PnP ACPI: found 6 devices
2017-12-02T01:09:42.902069+00:00 localhost kernel: [    0.197022] clocksource: acpi_pm: mask: 0xffffff max_cycles: 0xffffff, max_idle_ns: 2085701024 ns
2017-12-02T01:09:42.902070+00:00 localhost kernel: [    0.197971] pci_bus 0000:00: resource 4 [io  0x0000-0x0cf7 window]
2017-12-02T01:09:42.902093+00:00 localhost kernel: [    0.197972] pci_bus 0000:00: resource 5 [io  0x0d00-0xffff window]
2017-12-02T01:09:42.902093+00:00 localhost kernel: [    0.197974] pci_bus 0000:00: resource 6 [mem 0x000a0000-0x000bffff window]
2017-12-02T01:09:42.902094+00:00 localhost kernel: [    0.197975] pci_bus 0000:00: resource 7 [mem 0xc0000000-0xfebfffff window]
2017-12-02T01:09:42.902094+00:00 localhost kernel: [    0.198005] NET: Registered protocol family 2
2017-12-02T01:09:42.902097+00:00 localhost kernel: [    0.198679] TCP established hash table entries: 32768 (order: 6, 262144 bytes)
2017-12-02T01:09:42.902097+00:00 localhost kernel: [    0.199513] TCP bind hash table entries: 32768 (order: 7, 524288 bytes)
2017-12-02T01:09:42.902098+00:00 localhost kernel: [    0.200210] TCP: Hash tables configured (established 32768 bind 32768)
2017-12-02T01:09:42.902098+00:00 localhost kernel: [    0.200870] UDP hash table entries: 2048 (order: 4, 65536 bytes)
2017-12-02T01:09:42.902099+00:00 localhost kernel: [    0.201490] UDP-Lite hash table entries: 2048 (order: 4, 65536 bytes)
2017-12-02T01:09:42.902099+00:00 localhost kernel: [    0.202161] NET: Registered protocol family 1
2017-12-02T01:09:42.902102+00:00 localhost kernel: [    0.202662] pci 0000:00:00.0: Limiting direct PCI/PCI transfers
2017-12-02T01:09:42.902102+00:00 localhost kernel: [    0.203269] pci 0000:00:01.0: PIIX3: Enabling Passive Release
2017-12-02T01:09:42.902103+00:00 localhost kernel: [    0.203866] pci 0000:00:01.0: Activating ISA DMA hang workarounds
2017-12-02T01:09:42.902103+00:00 localhost kernel: [    0.221546] ACPI: PCI Interrupt Link [LNKD] enabled at IRQ 11
2017-12-02T01:09:42.902104+00:00 localhost kernel: [    0.239549] pci 0000:00:02.0: Video device with shadowed ROM
2017-12-02T01:09:42.902104+00:00 localhost kernel: [    0.239575] PCI: CLS 0 bytes, default 64
2017-12-02T01:09:42.902105+00:00 localhost kernel: [    0.239665] Unpacking initramfs...
2017-12-02T01:09:42.902107+00:00 localhost kernel: [    0.519828] Freeing initrd memory: 21604K
2017-12-02T01:09:42.902108+00:00 localhost kernel: [    0.520412] PCI-DMA: Using software bounce buffering for IO (SWIOTLB)
2017-12-02T01:09:42.902108+00:00 localhost kernel: [    0.521071] software IO TLB [mem 0xbbfe0000-0xbffe0000] (64MB) mapped at [ffff8800bbfe0000-ffff8800bffdffff]
2017-12-02T01:09:42.902109+00:00 localhost kernel: [    0.522280] Scanning for low memory corruption every 60 seconds
2017-12-02T01:09:42.902109+00:00 localhost kernel: [    0.523463] audit: initializing netlink subsys (enabled)
2017-12-02T01:09:42.902110+00:00 localhost kernel: [    0.524108] audit: type=2000 audit(1512176951.551:1): initialized
2017-12-02T01:09:42.902113+00:00 localhost kernel: [    0.524977] Initialise system trusted keyring
2017-12-02T01:09:42.902113+00:00 localhost kernel: [    0.525615] HugeTLB registered 1 GB page size, pre-allocated 0 pages
2017-12-02T01:09:42.902114+00:00 localhost kernel: [    0.526254] HugeTLB registered 2 MB page size, pre-allocated 0 pages
2017-12-02T01:09:42.902114+00:00 localhost kernel: [    0.528047] zbud: loaded
2017-12-02T01:09:42.902115+00:00 localhost kernel: [    0.528608] VFS: Disk quotas dquot_6.6.0
2017-12-02T01:09:42.902115+00:00 localhost kernel: [    0.529097] VFS: Dquot-cache hash table entries: 512 (order 0, 4096 bytes)
2017-12-02T01:09:42.902116+00:00 localhost kernel: [    0.529979] squashfs: version 4.0 (2009/01/31) Phillip Lougher
2017-12-02T01:09:42.902119+00:00 localhost kernel: [    0.530821] fuse init (API version 7.23)
2017-12-02T01:09:42.902119+00:00 localhost kernel: [    0.531394] Key type big_key registered
2017-12-02T01:09:42.902120+00:00 localhost kernel: [    0.531861] Allocating IMA MOK and blacklist keyrings.
2017-12-02T01:09:42.902120+00:00 localhost kernel: [    0.532833] Key type asymmetric registered
2017-12-02T01:09:42.902121+00:00 localhost kernel: [    0.533305] Asymmetric key parser 'x509' registered
2017-12-02T01:09:42.902121+00:00 localhost kernel: [    0.533856] Block layer SCSI generic (bsg) driver version 0.4 loaded (major 249)
2017-12-02T01:09:42.902122+00:00 localhost kernel: [    0.534698] io scheduler noop registered
2017-12-02T01:09:42.902126+00:00 localhost kernel: [    0.535160] io scheduler deadline registered (default)
2017-12-02T01:09:42.902126+00:00 localhost kernel: [    0.535729] io scheduler cfq registered
2017-12-02T01:09:42.902127+00:00 localhost kernel: [    0.536255] pci_hotplug: PCI Hot Plug PCI Core version: 0.5
2017-12-02T01:09:42.902127+00:00 localhost kernel: [    0.536857] pciehp: PCI Express Hot Plug Controller Driver version: 0.4
2017-12-02T01:09:42.902128+00:00 localhost kernel: [    0.537536] intel_idle: does not run on family 6 model 60
2017-12-02T01:09:42.902128+00:00 localhost kernel: [    0.537605] input: Power Button as /devices/LNXSYSTM:00/LNXPWRBN:00/input/input0
2017-12-02T01:09:42.902131+00:00 localhost kernel: [    0.538420] ACPI: Power Button [PWRF]
2017-12-02T01:09:42.902131+00:00 localhost kernel: [    0.539029] GHES: HEST is not enabled!
2017-12-02T01:09:42.902132+00:00 localhost kernel: [    0.556567] ACPI: PCI Interrupt Link [LNKC] enabled at IRQ 10
2017-12-02T01:09:42.902132+00:00 localhost kernel: [    0.557193] virtio-pci 0000:00:03.0: virtio_pci: leaving for legacy driver
2017-12-02T01:09:42.902133+00:00 localhost kernel: [    0.575462] virtio-pci 0000:00:04.0: virtio_pci: leaving for legacy driver
2017-12-02T01:09:42.902133+00:00 localhost kernel: [    0.593317] ACPI: PCI Interrupt Link [LNKA] enabled at IRQ 10
2017-12-02T01:09:42.902133+00:00 localhost kernel: [    0.593930] virtio-pci 0000:00:05.0: virtio_pci: leaving for legacy driver
2017-12-02T01:09:42.902136+00:00 localhost kernel: [    0.595569] Serial: 8250/16550 driver, 32 ports, IRQ sharing enabled
2017-12-02T01:09:42.902137+00:00 localhost kernel: [    0.618087] 00:04: ttyS0 at I/O 0x3f8 (irq = 4, base_baud = 115200) is a 16550A
2017-12-02T01:09:42.902137+00:00 localhost kernel: [    0.641393] 00:05: ttyS1 at I/O 0x2f8 (irq = 3, base_baud = 115200) is a 16550A
2017-12-02T01:09:42.902137+00:00 localhost kernel: [    0.643051] Linux agpgart interface v0.103
2017-12-02T01:09:42.902138+00:00 localhost kernel: [    0.645570] loop: module loaded
2017-12-02T01:09:42.902138+00:00 localhost kernel: [    0.646898]  vda: vda1
2017-12-02T01:09:42.902141+00:00 localhost kernel: [    0.647424] ata_piix 0000:00:01.1: version 2.13
2017-12-02T01:09:42.902141+00:00 localhost kernel: [    0.648424] scsi host0: ata_piix
2017-12-02T01:09:42.902142+00:00 localhost kernel: [    0.648968] scsi host1: ata_piix
2017-12-02T01:09:42.902142+00:00 localhost kernel: [    0.649393] ata1: PATA max MWDMA2 cmd 0x1f0 ctl 0x3f6 bmdma 0xc0a0 irq 14
2017-12-02T01:09:42.902143+00:00 localhost kernel: [    0.650074] ata2: PATA max MWDMA2 cmd 0x170 ctl 0x376 bmdma 0xc0a8 irq 15
2017-12-02T01:09:42.902143+00:00 localhost kernel: [    0.650838] libphy: Fixed MDIO Bus: probed
2017-12-02T01:09:42.902144+00:00 localhost kernel: [    0.651367] tun: Universal TUN/TAP device driver, 1.6
2017-12-02T01:09:42.902168+00:00 localhost kernel: [    0.651915] tun: (C) 1999-2004 Max Krasnyansky <maxk@qualcomm.com>
2017-12-02T01:09:42.902169+00:00 localhost kernel: [    0.722747] PPP generic driver version 2.4.2
2017-12-02T01:09:42.902169+00:00 localhost kernel: [    0.723411] ehci_hcd: USB 2.0 'Enhanced' Host Controller (EHCI) Driver
2017-12-02T01:09:42.902169+00:00 localhost kernel: [    0.724090] ehci-pci: EHCI PCI platform driver
2017-12-02T01:09:42.902170+00:00 localhost kernel: [    0.724597] ehci-platform: EHCI generic platform driver
2017-12-02T01:09:42.902170+00:00 localhost kernel: [    0.725161] ohci_hcd: USB 1.1 'Open' Host Controller (OHCI) Driver
2017-12-02T01:09:42.902173+00:00 localhost kernel: [    0.725791] ohci-pci: OHCI PCI platform driver
2017-12-02T01:09:42.902173+00:00 localhost kernel: [    0.726293] ohci-platform: OHCI generic platform driver
2017-12-02T01:09:42.902174+00:00 localhost kernel: [    0.726865] uhci_hcd: USB Universal Host Controller Interface driver
2017-12-02T01:09:42.902174+00:00 localhost kernel: [    0.745248] uhci_hcd 0000:00:01.2: UHCI Host Controller
2017-12-02T01:09:42.902175+00:00 localhost kernel: [    0.745846] uhci_hcd 0000:00:01.2: new USB bus registered, assigned bus number 1
2017-12-02T01:09:42.902175+00:00 localhost kernel: [    0.746709] uhci_hcd 0000:00:01.2: detected 2 ports
2017-12-02T01:09:42.902176+00:00 localhost kernel: [    0.747336] uhci_hcd 0000:00:01.2: irq 11, io base 0x0000c040
2017-12-02T01:09:42.902178+00:00 localhost kernel: [    0.748041] usb usb1: New USB device found, idVendor=1d6b, idProduct=0001
2017-12-02T01:09:42.902179+00:00 localhost kernel: [    0.748706] usb usb1: New USB device strings: Mfr=3, Product=2, SerialNumber=1
2017-12-02T01:09:42.902179+00:00 localhost kernel: [    0.749520] usb usb1: Product: UHCI Host Controller
2017-12-02T01:09:42.902180+00:00 localhost kernel: [    0.750035] usb usb1: Manufacturer: Linux 4.4.0-97-generic uhci_hcd
2017-12-02T01:09:42.902180+00:00 localhost kernel: [    0.750684] usb usb1: SerialNumber: 0000:00:01.2
2017-12-02T01:09:42.902181+00:00 localhost kernel: [    0.751279] hub 1-0:1.0: USB hub found
2017-12-02T01:09:42.902183+00:00 localhost kernel: [    0.751720] hub 1-0:1.0: 2 ports detected
2017-12-02T01:09:42.902184+00:00 localhost kernel: [    0.752301] i8042: PNP: PS/2 Controller [PNP0303:KBD,PNP0f13:MOU] at 0x60,0x64 irq 1,12
2017-12-02T01:09:42.902184+00:00 localhost kernel: [    0.753680] serio: i8042 KBD port at 0x60,0x64 irq 1
2017-12-02T01:09:42.902185+00:00 localhost kernel: [    0.754210] serio: i8042 AUX port at 0x60,0x64 irq 12
2017-12-02T01:09:42.902185+00:00 localhost kernel: [    0.754852] mousedev: PS/2 mouse device common for all mice
2017-12-02T01:09:42.902186+00:00 localhost kernel: [    0.755622] rtc_cmos 00:00: RTC can wake from S4
2017-12-02T01:09:42.902186+00:00 localhost kernel: [    0.756440] input: AT Translated Set 2 keyboard as /devices/platform/i8042/serio0/input/input1
2017-12-02T01:09:42.902189+00:00 localhost kernel: [    0.757422] rtc_cmos 00:00: rtc core: registered rtc_cmos as rtc0
2017-12-02T01:09:42.902189+00:00 localhost kernel: [    0.758188] rtc_cmos 00:00: alarms up to one day, 114 bytes nvram
2017-12-02T01:09:42.902190+00:00 localhost kernel: [    0.758839] i2c /dev entries driver
2017-12-02T01:09:42.902190+00:00 localhost kernel: [    0.759306] device-mapper: uevent: version 1.0.3
2017-12-02T01:09:42.902191+00:00 localhost kernel: [    0.759886] device-mapper: ioctl: 4.34.0-ioctl (2015-10-28) initialised: dm-devel@redhat.com
2017-12-02T01:09:42.902191+00:00 localhost kernel: [    0.760831] ledtrig-cpu: registered to indicate activity on CPUs
2017-12-02T01:09:42.902191+00:00 localhost kernel: [    0.761677] IPv6: Loaded, but administratively disabled, reboot required to enable
2017-12-02T01:09:42.902194+00:00 localhost kernel: [    0.762534] NET: Registered protocol family 17
2017-12-02T01:09:42.902194+00:00 localhost kernel: [    0.763046] Key type dns_resolver registered
2017-12-02T01:09:42.902195+00:00 localhost kernel: [    0.763759] microcode: CPU0 sig=0x306c1, pf=0x1, revision=0x1
2017-12-02T01:09:42.902195+00:00 localhost kernel: [    0.764374] microcode: CPU1 sig=0x306c1, pf=0x1, revision=0x1
2017-12-02T01:09:42.902196+00:00 localhost kernel: [    0.765010] microcode: Microcode Update Driver: v2.01 <tigran@aivazian.fsnet.co.uk>, Peter Oruba
2017-12-02T01:09:42.902196+00:00 localhost kernel: [    0.766062] registered taskstats version 1
2017-12-02T01:09:42.902199+00:00 localhost kernel: [    0.766537] Loading compiled-in X.509 certificates
2017-12-02T01:09:42.902199+00:00 localhost kernel: [    0.767690] Loaded X.509 cert 'Build time autogenerated kernel key: 5fef35419fcbf1c1577614c42a0f980653d2cba0'
2017-12-02T01:09:42.902200+00:00 localhost kernel: [    0.778136] zswap: loaded using pool lzo/zbud
2017-12-02T01:09:42.902200+00:00 localhost kernel: [    0.780316] Key type trusted registered
2017-12-02T01:09:42.902201+00:00 localhost kernel: [    0.782964] Key type encrypted registered
2017-12-02T01:09:42.902201+00:00 localhost kernel: [    0.783568] audit: type=1400 audit(1512176951.807:2): apparmor="STATUS" info="AppArmor sha1 policy hashing enabled" pid=1 comm="swapper/0"
2017-12-02T01:09:42.902204+00:00 localhost kernel: [    0.784823] AppArmor: AppArmor sha1 policy hashing enabled
2017-12-02T01:09:42.902204+00:00 localhost kernel: [    0.785418] ima: No TPM chip found, activating TPM-bypass!
2017-12-02T01:09:42.902205+00:00 localhost kernel: [    0.786026] evm: HMAC attrs: 0x1
2017-12-02T01:09:42.902205+00:00 localhost kernel: [    0.786735]   Magic number: 13:903:153
2017-12-02T01:09:42.902206+00:00 localhost kernel: [    0.787253] acpi device:20: hash matches
2017-12-02T01:09:42.902206+00:00 localhost kernel: [    0.787807] rtc_cmos 00:00: setting system clock to 2017-12-02 01:09:11 UTC (1512176951)
2017-12-02T01:09:42.902207+00:00 localhost kernel: [    0.788833] BIOS EDD facility v0.16 2004-Jun-25, 0 devices found
2017-12-02T01:09:42.902210+00:00 localhost kernel: [    0.789465] EDD information not available.
2017-12-02T01:09:42.902210+00:00 localhost kernel: [    0.789971] PM: Hibernation image not present or could not be loaded.
2017-12-02T01:09:42.902211+00:00 localhost kernel: [    0.805229] Freeing unused kernel memory: 1496K
2017-12-02T01:09:42.902211+00:00 localhost kernel: [    0.805743] Write protecting the kernel read-only data: 14336k
2017-12-02T01:09:42.902212+00:00 localhost kernel: [    0.807074] Freeing unused kernel memory: 1956K
2017-12-02T01:09:42.902212+00:00 localhost kernel: [    0.807773] Freeing unused kernel memory: 92K
2017-12-02T01:09:42.902215+00:00 localhost kernel: [    0.840553] input: VirtualPS/2 VMware VMMouse as /devices/platform/i8042/serio1/input/input4
2017-12-02T01:09:42.902235+00:00 localhost kernel: [    0.842042] input: VirtualPS/2 VMware VMMouse as /devices/platform/i8042/serio1/input/input3
2017-12-02T01:09:42.902236+00:00 localhost kernel: [    0.852354] FDC 0 is a S82078B
2017-12-02T01:09:42.902236+00:00 localhost kernel: [    0.929083] EXT4-fs (vda1): mounted filesystem with ordered data mode. Opts: (null)
2017-12-02T01:09:42.902237+00:00 localhost kernel: [    1.068063] usb 1-1: new full-speed USB device number 2 using uhci_hcd
2017-12-02T01:09:42.902237+00:00 localhost kernel: [    1.088111] random: init: uninitialized urandom read (12 bytes read, 8 bits of entropy available)
2017-12-02T01:09:42.902238+00:00 localhost kernel: [    1.224380] random: mountall: uninitialized urandom read (12 bytes read, 11 bits of entropy available)
2017-12-02T01:09:42.902241+00:00 localhost kernel: [    1.228637] usb 1-1: New USB device found, idVendor=0627, idProduct=0001
2017-12-02T01:09:42.902241+00:00 localhost kernel: [    1.229381] usb 1-1: New USB device strings: Mfr=1, Product=3, SerialNumber=5
2017-12-02T01:09:42.902242+00:00 localhost kernel: [    1.230130] usb 1-1: Product: QEMU USB Tablet
2017-12-02T01:09:42.902242+00:00 localhost kernel: [    1.230620] usb 1-1: Manufacturer: QEMU
2017-12-02T01:09:42.902243+00:00 localhost kernel: [    1.231115] usb 1-1: SerialNumber: 42
2017-12-02T01:09:42.902243+00:00 localhost kernel: [    1.315709] EXT4-fs (vda1): re-mounted. Opts: (null)
2017-12-02T01:09:42.902245+00:00 localhost kernel: [    1.407949] FS-Cache: Loaded
2017-12-02T01:09:42.902246+00:00 localhost kernel: [    1.417472] RPC: Registered named UNIX socket transport module.
2017-12-02T01:09:42.902246+00:00 localhost kernel: [    1.417474] RPC: Registered udp transport module.
2017-12-02T01:09:42.902247+00:00 localhost kernel: [    1.417475] RPC: Registered tcp transport module.
2017-12-02T01:09:42.902247+00:00 localhost kernel: [    1.417476] RPC: Registered tcp NFSv4.1 backchannel transport module.
2017-12-02T01:09:42.902248+00:00 localhost kernel: [    1.439025] FS-Cache: Netfs 'nfs' registered for caching
2017-12-02T01:09:42.902248+00:00 localhost kernel: [    1.459892] Installing knfsd (copyright (C) 1996 okir@monad.swb.de).
2017-12-02T01:09:42.902251+00:00 localhost kernel: [    1.479468] piix4_smbus 0000:00:01.3: SMBus Host Controller at 0x700, revision 0
2017-12-02T01:09:42.902251+00:00 localhost kernel: [    1.493746] hidraw: raw HID events driver (C) Jiri Kosina
2017-12-02T01:09:42.902252+00:00 localhost kernel: [    1.520452] tsc: Refined TSC clocksource calibration: 2593.963 MHz
2017-12-02T01:09:42.902252+00:00 localhost kernel: [    1.520456] clocksource: tsc: mask: 0xffffffffffffffff max_cycles: 0x2563f526845, max_idle_ns: 440795233860 ns
2017-12-02T01:09:42.902253+00:00 localhost kernel: [    1.526172] usbcore: registered new interface driver usbhid
2017-12-02T01:09:42.902253+00:00 localhost kernel: [    1.526174] usbhid: USB HID core driver
2017-12-02T01:09:42.902256+00:00 localhost kernel: [    1.549329] AVX2 version of gcm_enc/dec engaged.
2017-12-02T01:09:42.902256+00:00 localhost kernel: [    1.549331] AES CTR mode by8 optimization enabled
2017-12-02T01:09:42.902257+00:00 localhost kernel: [    1.550605] [drm] Initialized drm 1.1.0 20060810
2017-12-02T01:09:42.902257+00:00 localhost kernel: [    1.574895] [TTM] Zone  kernel: Available graphics memory: 2023292 kiB
2017-12-02T01:09:42.902258+00:00 localhost kernel: [    1.574896] [TTM] Initializing pool allocator
2017-12-02T01:09:42.902258+00:00 localhost kernel: [    1.574899] [TTM] Initializing DMA pool allocator
2017-12-02T01:09:42.902259+00:00 localhost kernel: [    1.575240] [drm] fb mappable at 0xFC000000
2017-12-02T01:09:42.902261+00:00 localhost kernel: [    1.575241] [drm] vram aper at 0xFC000000
2017-12-02T01:09:42.902262+00:00 localhost kernel: [    1.575241] [drm] size 33554432
2017-12-02T01:09:42.902262+00:00 localhost kernel: [    1.575241] [drm] fb depth is 24
2017-12-02T01:09:42.902263+00:00 localhost kernel: [    1.575242] [drm]    pitch is 3072
2017-12-02T01:09:42.902263+00:00 localhost kernel: [    1.580442] fbcon: cirrusdrmfb (fb0) is primary device
2017-12-02T01:09:42.902263+00:00 localhost kernel: [    1.600379] Console: switching to colour frame buffer device 128x48
2017-12-02T01:09:42.902266+00:00 localhost kernel: [    1.607992] cirrus 0000:00:02.0: fb0: cirrusdrmfb frame buffer device
2017-12-02T01:09:42.902266+00:00 localhost kernel: [    1.620814] [drm] Initialized cirrus 1.0.0 20110418 for 0000:00:02.0 on minor 0
2017-12-02T01:09:42.902267+00:00 localhost kernel: [    1.645153] ppdev: user-space parallel port driver
2017-12-02T01:09:42.902267+00:00 localhost kernel: [    1.676097] input: QEMU QEMU USB Tablet as /devices/pci0000:00/0000:00:01.2/usb1/1-1/1-1:1.0/0003:0627:0001.0001/input/input5
2017-12-02T01:09:42.902268+00:00 localhost kernel: [    1.676244] hid-generic 0003:0627:0001.0001: input,hidraw0: USB HID v0.01 Pointer [QEMU QEMU USB Tablet] on usb-0000:00:01.2-1/input0
2017-12-02T01:09:42.902268+00:00 localhost kernel: [    1.701046] intel_rapl: no valid rapl domains found in package 0
2017-12-02T01:09:42.902271+00:00 localhost kernel: [    1.746957] intel_rapl: no valid rapl domains found in package 0
2017-12-02T01:09:42.902272+00:00 localhost kernel: [    1.756098] audit: type=1400 audit(1512176952.460:3): apparmor="STATUS" operation="profile_load" profile="unconfined" name="/sbin/dhclient" pid=387 comm="apparmor_parser"
2017-12-02T01:09:42.902283+00:00 localhost kernel: [    1.756109] audit: type=1300 audit(1512176952.460:3): arch=c000003e syscall=1 success=yes exit=30017 a0=6 a1=d9cc78 a2=7541 a3=0 items=0 ppid=378 pid=387 auid=4294967295 uid=0 gid=0 euid=0 suid=0 fsuid=0 egid=0 sgid=0 fsgid=0 tty=(none) ses=4294967295 comm="apparmor_parser" exe="/sbin/apparmor_parser" key=(null)
2017-12-02T01:09:42.902284+00:00 localhost kernel: [    1.756114] audit: type=1327 audit(1512176952.460:3): proctitle=2F7362696E2F61707061726D6F725F706172736572002D72002D57002F6574632F61707061726D6F722F696E69742F6E6574776F726B2D696E746572666163652D73656375726974792F7362696E2E6468636C69656E74
2017-12-02T01:09:42.902285+00:00 localhost kernel: [    1.756348] audit: type=1400 audit(1512176952.468:4): apparmor="STATUS" operation="profile_load" profile="unconfined" name="/usr/lib/NetworkManager/nm-dhcp-client.action" pid=387 comm="apparmor_parser"
2017-12-02T01:09:42.902287+00:00 localhost kernel: [    1.756354] audit: type=1300 audit(1512176952.468:4): arch=c000003e syscall=1 success=yes exit=16489 a0=6 a1=d9cc78 a2=4069 a3=0 items=0 ppid=378 pid=387 auid=4294967295 uid=0 gid=0 euid=0 suid=0 fsuid=0 egid=0 sgid=0 fsgid=0 tty=(none) ses=4294967295 comm="apparmor_parser" exe="/sbin/apparmor_parser" key=(null)
2017-12-02T01:09:42.902288+00:00 localhost kernel: [    1.756356] audit: type=1327 audit(1512176952.468:4): proctitle=2F7362696E2F61707061726D6F725F706172736572002D72002D57002F6574632F61707061726D6F722F696E69742F6E6574776F726B2D696E746572666163652D73656375726974792F7362696E2E6468636C69656E74
2017-12-02T01:09:42.902288+00:00 localhost kernel: [    1.756548] audit: type=1400 audit(1512176952.468:5): apparmor="STATUS" operation="profile_load" profile="unconfined" name="/usr/lib/connman/scripts/dhclient-script" pid=387 comm="apparmor_parser"
2017-12-02T01:09:42.902289+00:00 localhost kernel: [    1.756554] audit: type=1300 audit(1512176952.468:5): arch=c000003e syscall=1 success=yes exit=15633 a0=6 a1=d94c88 a2=3d11 a3=0 items=0 ppid=378 pid=387 auid=4294967295 uid=0 gid=0 euid=0 suid=0 fsuid=0 egid=0 sgid=0 fsgid=0 tty=(none) ses=4294967295 comm="apparmor_parser" exe="/sbin/apparmor_parser" key=(null)
2017-12-02T01:09:42.902290+00:00 localhost kernel: [    2.015038] random: dd: uninitialized urandom read (512 bytes read, 27 bits of entropy available)
2017-12-02T01:09:42.902292+00:00 localhost kernel: [    2.145289] random: sshd: uninitialized urandom read (32 bytes read, 30 bits of entropy available)
2017-12-02T01:09:42.902293+00:00 localhost kernel: [    2.243238] random: dpkg-reconfigur: uninitialized urandom read (4 bytes read, 32 bits of entropy available)
2017-12-02T01:09:42.902293+00:00 localhost kernel: [    2.494445] random: perl: uninitialized urandom read (4 bytes read, 36 bits of entropy available)
2017-12-02T01:09:42.902294+00:00 localhost kernel: [    2.500328] random: ssh-keygen: uninitialized urandom read (32 bytes read, 36 bits of entropy available)
2017-12-02T01:09:42.902294+00:00 localhost kernel: [    2.561304] random: ssh-keygen: uninitialized urandom read (32 bytes read, 36 bits of entropy available)
2017-12-02T01:09:42.902295+00:00 localhost kernel: [    2.564528] random: ssh-keygen: uninitialized urandom read (32 bytes read, 36 bits of entropy available)
2017-12-02T01:09:42.902297+00:00 localhost kernel: [    2.574201] random: perl: uninitialized urandom read (4 bytes read, 36 bits of entropy available)
2017-12-02T01:09:42.902298+00:00 localhost kernel: [   13.127281] audit_printk_skb: 54 callbacks suppressed
2017-12-02T01:09:42.902298+00:00 localhost kernel: [   13.127284] audit: type=1108 audit(1512176963.836:11): pid=1387 uid=0 auid=4294967295 ses=4294967295 msg='op=changing password id=0 exe="/usr/sbin/usermod" hostname=? addr=? terminal=? res=success'
2017-12-02T01:09:42.902299+00:00 localhost kernel: [   13.137987] audit: type=1108 audit(1512176963.848:12): pid=1394 uid=0 auid=4294967295 ses=4294967295 msg='op=changing password id=1000 exe="/usr/sbin/usermod" hostname=? addr=? terminal=? res=success'
2017-12-02T01:09:42.902299+00:00 localhost kernel: [   32.050050] Adding 4046580k swap on /dev/vda2.  Priority:-1 extents:1 across:4046580k FS
2017-12-02T01:09:42.902300+00:00 localhost kernel: [   32.069345] EXT4-fs (vda3): mounted filesystem with ordered data mode. Opts: (null)
2017-12-02T01:09:42.902303+00:00 localhost kernel: [   32.095843] EXT4-fs (vda3): re-mounted. Opts: (null)
2017-12-02T01:09:42.902303+00:00 localhost kernel: [   32.121202] audit: type=1305 audit(1512176982.828:13): audit_enabled=1 old=1 auid=4294967295 ses=4294967295 res=1
2017-12-02T01:09:42.902304+00:00 localhost kernel: [   32.121211] audit: type=1305 audit(1512176982.828:14): audit_pid=2014 old=0 auid=4294967295 ses=4294967295 res=1
2017-12-02T01:09:43.008259+00:00 localhost kernel: [   32.293348] EXT4-fs (vda3): re-mounted. Opts: (null)
2017-12-02T01:09:43.011092+00:00 localhost kernel: [   32.298065] EXT4-fs (vda3): re-mounted. Opts: (null)
2017-12-02T01:09:43.016259+00:00 localhost kernel: [   32.303398] EXT4-fs (vda1): re-mounted. Opts: (null)
2017-12-02T01:09:46.348313+00:00 localhost vcap.agent[914]: 2017/12/02 01:09:46 CEF:0|CloudFoundry|BOSH|1|agent_api|ping|1|duser=director.63c8959f-2f2c-43b6-85cd-9e85b7ec225e.7c3ea4e4-0cc3-4572-8be5-25feb855f5f1.9fc4a6ba-8132-49ed-848c-1ac1d8e519a7 src=192.168.1.21 spt=4222 shost=7c3ea4e4-0cc3-4572-8be5-25feb855f5f1 
2017-12-02T01:09:50.069666+00:00 localhost kernel: [   39.353765] pci 0000:00:06.0: [1af4:1001] type 00 class 0x010000
2017-12-02T01:09:50.071232+00:00 localhost kernel: [   39.353849] pci 0000:00:06.0: reg 0x10: [io  0x0000-0x003f]
2017-12-02T01:09:50.071233+00:00 localhost kernel: [   39.353872] pci 0000:00:06.0: reg 0x14: [mem 0x00000000-0x00000fff]
2017-12-02T01:09:50.071234+00:00 localhost kernel: [   39.354996] pci 0000:00:06.0: BAR 1: assigned [mem 0xc0000000-0xc0000fff]
2017-12-02T01:09:50.071235+00:00 localhost kernel: [   39.355012] pci 0000:00:06.0: BAR 0: assigned [io  0x1000-0x103f]
2017-12-02T01:09:50.071235+00:00 localhost kernel: [   39.355065] virtio-pci 0000:00:06.0: enabling device (0000 -> 0003)
2017-12-02T01:09:50.088314+00:00 localhost kernel: [   39.373983] ACPI: PCI Interrupt Link [LNKB] enabled at IRQ 11
2017-12-02T01:09:50.088324+00:00 localhost kernel: [   39.374016] virtio-pci 0000:00:06.0: virtio_pci: leaving for legacy driver
2017-12-02T01:09:50.092289+00:00 localhost kernel: [   39.376546]  vdb: vdb1
2017-12-02T01:09:56.364672+00:00 localhost vcap.agent[914]: 2017/12/02 01:09:56 CEF:0|CloudFoundry|BOSH|1|agent_api|mount_disk|1|duser=director.63c8959f-2f2c-43b6-85cd-9e85b7ec225e.7c3ea4e4-0cc3-4572-8be5-25feb855f5f1.b5dd9a51-b655-49fd-b6a3-db684a756ea0 src=192.168.1.21 spt=4222 shost=7c3ea4e4-0cc3-4572-8be5-25feb855f5f1 
2017-12-02T01:09:56.364752+00:00 localhost vcap.agent[914]: 2017/12/02 01:09:56 CEF:0|CloudFoundry|BOSH|1|agent_api|ping|1|duser=director.63c8959f-2f2c-43b6-85cd-9e85b7ec225e.7c3ea4e4-0cc3-4572-8be5-25feb855f5f1.0170e453-4848-4ecb-953e-81c3fea602a4 src=192.168.1.21 spt=4222 shost=7c3ea4e4-0cc3-4572-8be5-25feb855f5f1 
2017-12-02T01:09:56.365681+00:00 localhost vcap.agent[914]: 2017/12/02 01:09:56 CEF:0|CloudFoundry|BOSH|1|agent_api|get_task|1|duser=director.63c8959f-2f2c-43b6-85cd-9e85b7ec225e.7c3ea4e4-0cc3-4572-8be5-25feb855f5f1.31d5c286-cecc-4193-b395-379ae857a507 src=192.168.1.21 spt=4222 shost=7c3ea4e4-0cc3-4572-8be5-25feb855f5f1 
2017-12-02T01:09:57.160365+00:00 localhost kernel: [   46.445391] intel_rapl: no valid rapl domains found in package 0
2017-12-02T01:09:57.368276+00:00 localhost vcap.agent[914]: 2017/12/02 01:09:57 CEF:0|CloudFoundry|BOSH|1|agent_api|get_task|1|duser=director.63c8959f-2f2c-43b6-85cd-9e85b7ec225e.7c3ea4e4-0cc3-4572-8be5-25feb855f5f1.b958518a-7389-4c7f-aa6c-ba68bfb50b86 src=192.168.1.21 spt=4222 shost=7c3ea4e4-0cc3-4572-8be5-25feb855f5f1 
2017-12-02T01:09:57.420278+00:00 localhost kernel: [   46.704794] EXT4-fs (vdb1): mounted filesystem with ordered data mode. Opts: (null)
2017-12-02T01:09:58.370319+00:00 localhost vcap.agent[914]: 2017/12/02 01:09:58 CEF:0|CloudFoundry|BOSH|1|agent_api|get_task|1|duser=director.63c8959f-2f2c-43b6-85cd-9e85b7ec225e.7c3ea4e4-0cc3-4572-8be5-25feb855f5f1.d8ee3758-de0c-40af-b6ac-0cc5b8885e70 src=192.168.1.21 spt=4222 shost=7c3ea4e4-0cc3-4572-8be5-25feb855f5f1 
2017-12-02T01:09:58.380474+00:00 localhost vcap.agent[914]: 2017/12/02 01:09:58 CEF:0|CloudFoundry|BOSH|1|agent_api|update_settings|1|duser=director.63c8959f-2f2c-43b6-85cd-9e85b7ec225e.7c3ea4e4-0cc3-4572-8be5-25feb855f5f1.4506f962-5633-4da2-b887-b694842027b1 src=192.168.1.21 spt=4222 shost=7c3ea4e4-0cc3-4572-8be5-25feb855f5f1 
2017-12-02T01:09:58.382145+00:00 localhost vcap.agent[914]: 2017/12/02 01:09:58 CEF:0|CloudFoundry|BOSH|1|agent_api|get_task|1|duser=director.63c8959f-2f2c-43b6-85cd-9e85b7ec225e.7c3ea4e4-0cc3-4572-8be5-25feb855f5f1.4a18e412-f0a2-49f8-ae3c-e0bee5b5f59f src=192.168.1.21 spt=4222 shost=7c3ea4e4-0cc3-4572-8be5-25feb855f5f1 
2017-12-02T01:09:59.383082+00:00 localhost vcap.agent[914]: 2017/12/02 01:09:59 CEF:0|CloudFoundry|BOSH|1|agent_api|get_task|1|duser=director.63c8959f-2f2c-43b6-85cd-9e85b7ec225e.7c3ea4e4-0cc3-4572-8be5-25feb855f5f1.a24867e3-e38f-45b3-b84e-e710aac3cefe src=192.168.1.21 spt=4222 shost=7c3ea4e4-0cc3-4572-8be5-25feb855f5f1 
2017-12-02T01:10:00.386618+00:00 localhost vcap.agent[914]: 2017/12/02 01:10:00 CEF:0|CloudFoundry|BOSH|1|agent_api|get_task|1|duser=director.63c8959f-2f2c-43b6-85cd-9e85b7ec225e.7c3ea4e4-0cc3-4572-8be5-25feb855f5f1.ef9f9961-6365-4788-a9a6-cc063c226a4f src=192.168.1.21 spt=4222 shost=7c3ea4e4-0cc3-4572-8be5-25feb855f5f1 
2017-12-02T01:10:01.389876+00:00 localhost vcap.agent[914]: 2017/12/02 01:10:01 CEF:0|CloudFoundry|BOSH|1|agent_api|get_task|1|duser=director.63c8959f-2f2c-43b6-85cd-9e85b7ec225e.7c3ea4e4-0cc3-4572-8be5-25feb855f5f1.ddad11d7-66d7-497e-a8e7-ce1fe83c6dbd src=192.168.1.21 spt=4222 shost=7c3ea4e4-0cc3-4572-8be5-25feb855f5f1 
2017-12-02T01:10:01.417390+00:00 localhost vcap.agent[914]: 2017/12/02 01:10:01 CEF:0|CloudFoundry|BOSH|1|agent_api|get_task|1|duser=director.63c8959f-2f2c-43b6-85cd-9e85b7ec225e.7c3ea4e4-0cc3-4572-8be5-25feb855f5f1.d7126d6d-6372-4c31-b33d-557f9f60a5a9 src=192.168.1.21 spt=4222 shost=7c3ea4e4-0cc3-4572-8be5-25feb855f5f1 
2017-12-02T01:10:01.417685+00:00 localhost vcap.agent[914]: 2017/12/02 01:10:01 CEF:0|CloudFoundry|BOSH|1|agent_api|apply|1|duser=director.63c8959f-2f2c-43b6-85cd-9e85b7ec225e.7c3ea4e4-0cc3-4572-8be5-25feb855f5f1.0c3314e2-57a4-4706-b0a5-86b17cc70e93 src=192.168.1.21 spt=4222 shost=7c3ea4e4-0cc3-4572-8be5-25feb855f5f1 
2017-12-02T01:10:02.418067+00:00 localhost vcap.agent[914]: 2017/12/02 01:10:02 CEF:0|CloudFoundry|BOSH|1|agent_api|get_task|1|duser=director.63c8959f-2f2c-43b6-85cd-9e85b7ec225e.7c3ea4e4-0cc3-4572-8be5-25feb855f5f1.6f4be1a0-cf10-45f9-8303-f444dddcf61c src=192.168.1.21 spt=4222 shost=7c3ea4e4-0cc3-4572-8be5-25feb855f5f1 
2017-12-02T01:10:02.425318+00:00 localhost vcap.agent[914]: 2017/12/02 01:10:02 CEF:0|CloudFoundry|BOSH|1|agent_api|get_state|1|duser=director.63c8959f-2f2c-43b6-85cd-9e85b7ec225e.7c3ea4e4-0cc3-4572-8be5-25feb855f5f1.c5e9dc9b-8136-4084-9926-f17fab2cd3c9 src=192.168.1.21 spt=4222 shost=7c3ea4e4-0cc3-4572-8be5-25feb855f5f1 
2017-12-02T01:10:02.622853+00:00 localhost vcap.agent[914]: 2017/12/02 01:10:02 CEF:0|CloudFoundry|BOSH|1|agent_api|list_disk|1|duser=director.63c8959f-2f2c-43b6-85cd-9e85b7ec225e.7c3ea4e4-0cc3-4572-8be5-25feb855f5f1.de11dc09-6407-4719-bc20-3e50a07e4e24 src=192.168.1.21 spt=4222 shost=7c3ea4e4-0cc3-4572-8be5-25feb855f5f1 
2017-12-02T01:10:02.625682+00:00 localhost vcap.agent[914]: 2017/12/02 01:10:02 CEF:0|CloudFoundry|BOSH|1|agent_api|get_task|1|duser=director.63c8959f-2f2c-43b6-85cd-9e85b7ec225e.7c3ea4e4-0cc3-4572-8be5-25feb855f5f1.55c3042f-dec6-4a5d-ab90-b7ff6e9b18b1 src=192.168.1.21 spt=4222 shost=7c3ea4e4-0cc3-4572-8be5-25feb855f5f1 
2017-12-02T01:10:03.236259+00:00 localhost kernel: [   52.520362] intel_rapl: no valid rapl domains found in package 0
2017-12-02T01:10:03.629658+00:00 localhost vcap.agent[914]: 2017/12/02 01:10:03 CEF:0|CloudFoundry|BOSH|1|agent_api|get_task|1|duser=director.63c8959f-2f2c-43b6-85cd-9e85b7ec225e.7c3ea4e4-0cc3-4572-8be5-25feb855f5f1.cef15972-9377-426f-b543-0ab7372f7895 src=192.168.1.21 spt=4222 shost=7c3ea4e4-0cc3-4572-8be5-25feb855f5f1 
2017-12-02T01:10:03.665562+00:00 localhost vcap.agent[914]: 2017/12/02 01:10:03 CEF:0|CloudFoundry|BOSH|1|agent_api|apply|1|duser=director.63c8959f-2f2c-43b6-85cd-9e85b7ec225e.7c3ea4e4-0cc3-4572-8be5-25feb855f5f1.775b6d6c-23df-4281-8822-c4e4cc0eb3b0 src=192.168.1.21 spt=4222 shost=7c3ea4e4-0cc3-4572-8be5-25feb855f5f1 
2017-12-02T01:10:03.667218+00:00 localhost vcap.agent[914]: 2017/12/02 01:10:03 CEF:0|CloudFoundry|BOSH|1|agent_api|get_task|1|duser=director.63c8959f-2f2c-43b6-85cd-9e85b7ec225e.7c3ea4e4-0cc3-4572-8be5-25feb855f5f1.ca3a3cc0-a1e1-4d1a-aa7e-ef54c59de939 src=192.168.1.21 spt=4222 shost=7c3ea4e4-0cc3-4572-8be5-25feb855f5f1 
2017-12-02T01:10:04.020221+00:00 localhost kernel: [   53.307925] random: nonblocking pool is initialized
2017-12-02T01:10:04.665779+00:00 localhost vcap.agent[914]: 2017/12/02 01:10:04 CEF:0|CloudFoundry|BOSH|1|agent_api|get_task|1|duser=director.63c8959f-2f2c-43b6-85cd-9e85b7ec225e.7c3ea4e4-0cc3-4572-8be5-25feb855f5f1.f7b2a916-271b-4c82-85e5-416bfbcb8bbc src=192.168.1.21 spt=4222 shost=7c3ea4e4-0cc3-4572-8be5-25feb855f5f1 
2017-12-02T01:10:05.668658+00:00 localhost vcap.agent[914]: 2017/12/02 01:10:05 CEF:0|CloudFoundry|BOSH|1|agent_api|get_task|1|duser=director.63c8959f-2f2c-43b6-85cd-9e85b7ec225e.7c3ea4e4-0cc3-4572-8be5-25feb855f5f1.02c5cbc6-a7b3-441e-b13e-413e62cfb345 src=192.168.1.21 spt=4222 shost=7c3ea4e4-0cc3-4572-8be5-25feb855f5f1 
2017-12-02T01:10:06.672051+00:00 localhost vcap.agent[914]: 2017/12/02 01:10:06 CEF:0|CloudFoundry|BOSH|1|agent_api|get_task|1|duser=director.63c8959f-2f2c-43b6-85cd-9e85b7ec225e.7c3ea4e4-0cc3-4572-8be5-25feb855f5f1.0ec6aa48-1ffc-491a-b95e-5a6330a3e345 src=192.168.1.21 spt=4222 shost=7c3ea4e4-0cc3-4572-8be5-25feb855f5f1 
2017-12-02T01:10:07.675285+00:00 localhost vcap.agent[914]: 2017/12/02 01:10:07 CEF:0|CloudFoundry|BOSH|1|agent_api|get_task|1|duser=director.63c8959f-2f2c-43b6-85cd-9e85b7ec225e.7c3ea4e4-0cc3-4572-8be5-25feb855f5f1.8ace67f0-59b0-412b-a6ab-c2ebd7cf4119 src=192.168.1.21 spt=4222 shost=7c3ea4e4-0cc3-4572-8be5-25feb855f5f1 
2017-12-02T01:10:08.677420+00:00 localhost vcap.agent[914]: 2017/12/02 01:10:08 CEF:0|CloudFoundry|BOSH|1|agent_api|get_task|1|duser=director.63c8959f-2f2c-43b6-85cd-9e85b7ec225e.7c3ea4e4-0cc3-4572-8be5-25feb855f5f1.6ad0cf9d-adb5-42d0-ad39-cc4dc3b1590b src=192.168.1.21 spt=4222 shost=7c3ea4e4-0cc3-4572-8be5-25feb855f5f1 
2017-12-02T01:10:09.679927+00:00 localhost vcap.agent[914]: 2017/12/02 01:10:09 CEF:0|CloudFoundry|BOSH|1|agent_api|get_task|1|duser=director.63c8959f-2f2c-43b6-85cd-9e85b7ec225e.7c3ea4e4-0cc3-4572-8be5-25feb855f5f1.4946bf1d-2724-4712-a690-1f3cd0f0da98 src=192.168.1.21 spt=4222 shost=7c3ea4e4-0cc3-4572-8be5-25feb855f5f1 
2017-12-02T01:10:10.682074+00:00 localhost vcap.agent[914]: 2017/12/02 01:10:10 CEF:0|CloudFoundry|BOSH|1|agent_api|get_task|1|duser=director.63c8959f-2f2c-43b6-85cd-9e85b7ec225e.7c3ea4e4-0cc3-4572-8be5-25feb855f5f1.9f2052e7-5a10-4820-810d-908f140b3971 src=192.168.1.21 spt=4222 shost=7c3ea4e4-0cc3-4572-8be5-25feb855f5f1 
2017-12-02T01:10:11.686144+00:00 localhost vcap.agent[914]: 2017/12/02 01:10:11 CEF:0|CloudFoundry|BOSH|1|agent_api|get_task|1|duser=director.63c8959f-2f2c-43b6-85cd-9e85b7ec225e.7c3ea4e4-0cc3-4572-8be5-25feb855f5f1.1a748bde-8bbf-4503-9efd-8d155103a975 src=192.168.1.21 spt=4222 shost=7c3ea4e4-0cc3-4572-8be5-25feb855f5f1 
2017-12-02T01:10:12.690655+00:00 localhost vcap.agent[914]: 2017/12/02 01:10:12 CEF:0|CloudFoundry|BOSH|1|agent_api|get_task|1|duser=director.63c8959f-2f2c-43b6-85cd-9e85b7ec225e.7c3ea4e4-0cc3-4572-8be5-25feb855f5f1.b8ada32d-01b6-42f5-9485-d1187266465a src=192.168.1.21 spt=4222 shost=7c3ea4e4-0cc3-4572-8be5-25feb855f5f1 
2017-12-02T01:10:13.692420+00:00 localhost vcap.agent[914]: 2017/12/02 01:10:13 CEF:0|CloudFoundry|BOSH|1|agent_api|get_task|1|duser=director.63c8959f-2f2c-43b6-85cd-9e85b7ec225e.7c3ea4e4-0cc3-4572-8be5-25feb855f5f1.99b8cfc9-18c5-44e3-8333-a098d0233558 src=192.168.1.21 spt=4222 shost=7c3ea4e4-0cc3-4572-8be5-25feb855f5f1 
2017-12-02T01:10:14.693003+00:00 localhost vcap.agent[914]: 2017/12/02 01:10:14 CEF:0|CloudFoundry|BOSH|1|agent_api|get_task|1|duser=director.63c8959f-2f2c-43b6-85cd-9e85b7ec225e.7c3ea4e4-0cc3-4572-8be5-25feb855f5f1.72f3f0ec-c92b-4e5c-a65d-42f40922a42d src=192.168.1.21 spt=4222 shost=7c3ea4e4-0cc3-4572-8be5-25feb855f5f1 
2017-12-02T01:10:15.697907+00:00 localhost vcap.agent[914]: 2017/12/02 01:10:15 CEF:0|CloudFoundry|BOSH|1|agent_api|get_task|1|duser=director.63c8959f-2f2c-43b6-85cd-9e85b7ec225e.7c3ea4e4-0cc3-4572-8be5-25feb855f5f1.33d56338-fc74-4e9a-bd34-f44e3322c0d1 src=192.168.1.21 spt=4222 shost=7c3ea4e4-0cc3-4572-8be5-25feb855f5f1 
2017-12-02T01:10:16.705142+00:00 localhost vcap.agent[914]: 2017/12/02 01:10:16 CEF:0|CloudFoundry|BOSH|1|agent_api|get_task|1|duser=director.63c8959f-2f2c-43b6-85cd-9e85b7ec225e.7c3ea4e4-0cc3-4572-8be5-25feb855f5f1.d882cd1c-31ae-4151-9f8e-a4a0f016567d src=192.168.1.21 spt=4222 shost=7c3ea4e4-0cc3-4572-8be5-25feb855f5f1 
2017-12-02T01:10:17.708406+00:00 localhost vcap.agent[914]: 2017/12/02 01:10:17 CEF:0|CloudFoundry|BOSH|1|agent_api|get_task|1|duser=director.63c8959f-2f2c-43b6-85cd-9e85b7ec225e.7c3ea4e4-0cc3-4572-8be5-25feb855f5f1.7dfed273-bfec-439e-8441-ad597b9e947c src=192.168.1.21 spt=4222 shost=7c3ea4e4-0cc3-4572-8be5-25feb855f5f1 
2017-12-02T01:10:18.110081+00:00 localhost vcap.agent[914]: 2017/12/02 01:10:18 CEF:0|CloudFoundry|BOSH|1|agent_api|delete_arp_entries|1|duser=director.2f19340a-d285-4cfb-ae36-8b780592d87f.7c3ea4e4-0cc3-4572-8be5-25feb855f5f1.1448715d-0028-49f4-bafd-63a94920ee03 src=192.168.1.21 spt=4222 shost=7c3ea4e4-0cc3-4572-8be5-25feb855f5f1 
2017-12-02T01:10:18.711394+00:00 localhost vcap.agent[914]: 2017/12/02 01:10:18 CEF:0|CloudFoundry|BOSH|1|agent_api|get_task|1|duser=director.63c8959f-2f2c-43b6-85cd-9e85b7ec225e.7c3ea4e4-0cc3-4572-8be5-25feb855f5f1.380bd389-2574-4672-979d-b7d51e5fdabc src=192.168.1.21 spt=4222 shost=7c3ea4e4-0cc3-4572-8be5-25feb855f5f1 
2017-12-02T01:10:19.714661+00:00 localhost vcap.agent[914]: 2017/12/02 01:10:19 CEF:0|CloudFoundry|BOSH|1|agent_api|get_task|1|duser=director.63c8959f-2f2c-43b6-85cd-9e85b7ec225e.7c3ea4e4-0cc3-4572-8be5-25feb855f5f1.98dfe6ad-69c5-400b-8e51-24be2863f5ef src=192.168.1.21 spt=4222 shost=7c3ea4e4-0cc3-4572-8be5-25feb855f5f1 
2017-12-02T01:10:20.717545+00:00 localhost vcap.agent[914]: 2017/12/02 01:10:20 CEF:0|CloudFoundry|BOSH|1|agent_api|get_task|1|duser=director.63c8959f-2f2c-43b6-85cd-9e85b7ec225e.7c3ea4e4-0cc3-4572-8be5-25feb855f5f1.6911fbea-a7c4-40c9-bcd3-2f24924f8600 src=192.168.1.21 spt=4222 shost=7c3ea4e4-0cc3-4572-8be5-25feb855f5f1 
2017-12-02T01:10:20.740217+00:00 localhost vcap.agent[914]: 2017/12/02 01:10:20 CEF:0|CloudFoundry|BOSH|1|agent_api|get_task|1|duser=director.63c8959f-2f2c-43b6-85cd-9e85b7ec225e.7c3ea4e4-0cc3-4572-8be5-25feb855f5f1.b5dfbdd3-8729-4ae5-93ba-584155fd70c1 src=192.168.1.21 spt=4222 shost=7c3ea4e4-0cc3-4572-8be5-25feb855f5f1 
2017-12-02T01:10:20.740617+00:00 localhost vcap.agent[914]: 2017/12/02 01:10:20 CEF:0|CloudFoundry|BOSH|1|agent_api|run_script|1|duser=director.63c8959f-2f2c-43b6-85cd-9e85b7ec225e.7c3ea4e4-0cc3-4572-8be5-25feb855f5f1.0d3dd7c7-f2fb-4f41-bb2e-e9d20e89917c src=192.168.1.21 spt=4222 shost=7c3ea4e4-0cc3-4572-8be5-25feb855f5f1 
2017-12-02T01:10:21.745488+00:00 localhost vcap.agent[914]: 2017/12/02 01:10:21 CEF:0|CloudFoundry|BOSH|1|agent_api|get_task|1|duser=director.63c8959f-2f2c-43b6-85cd-9e85b7ec225e.7c3ea4e4-0cc3-4572-8be5-25feb855f5f1.20e71591-fb96-4f1e-b5d9-08cd6cf7a64a src=192.168.1.21 spt=4222 shost=7c3ea4e4-0cc3-4572-8be5-25feb855f5f1 
2017-12-02T01:10:22.747661+00:00 localhost vcap.agent[914]: 2017/12/02 01:10:22 CEF:0|CloudFoundry|BOSH|1|agent_api|get_task|1|duser=director.63c8959f-2f2c-43b6-85cd-9e85b7ec225e.7c3ea4e4-0cc3-4572-8be5-25feb855f5f1.4ca628e2-e0e2-48c6-beaf-e1cff59ab89d src=192.168.1.21 spt=4222 shost=7c3ea4e4-0cc3-4572-8be5-25feb855f5f1 
2017-12-02T01:10:23.753546+00:00 localhost vcap.agent[914]: 2017/12/02 01:10:23 CEF:0|CloudFoundry|BOSH|1|agent_api|get_task|1|duser=director.63c8959f-2f2c-43b6-85cd-9e85b7ec225e.7c3ea4e4-0cc3-4572-8be5-25feb855f5f1.db1815a6-b1fc-4a9b-86b3-5a4dd6343f00 src=192.168.1.21 spt=4222 shost=7c3ea4e4-0cc3-4572-8be5-25feb855f5f1 
2017-12-02T01:10:28.773336+00:00 localhost vcap.agent[914]: 2017/12/02 01:10:28 CEF:0|CloudFoundry|BOSH|1|agent_api|start|1|duser=director.63c8959f-2f2c-43b6-85cd-9e85b7ec225e.7c3ea4e4-0cc3-4572-8be5-25feb855f5f1.fc659a53-c888-43fa-b87a-d31d4a89c277 src=192.168.1.21 spt=4222 shost=7c3ea4e4-0cc3-4572-8be5-25feb855f5f1 
2017-12-02T01:10:29.792026+00:00 localhost vcap.agent[914]: 2017/12/02 01:10:29 CEF:0|CloudFoundry|BOSH|1|agent_api|get_state|1|duser=director.63c8959f-2f2c-43b6-85cd-9e85b7ec225e.7c3ea4e4-0cc3-4572-8be5-25feb855f5f1.f088ce34-a63d-49ba-a079-45d6cde77c41 src=192.168.1.21 spt=4222 shost=7c3ea4e4-0cc3-4572-8be5-25feb855f5f1 
2017-12-02T01:10:29.795036+00:00 localhost vcap.agent[914]: 2017/12/02 01:10:29 CEF:0|CloudFoundry|BOSH|1|agent_api|get_task|1|duser=director.63c8959f-2f2c-43b6-85cd-9e85b7ec225e.7c3ea4e4-0cc3-4572-8be5-25feb855f5f1.9018d4cf-dd79-4651-b3e1-bdea8cd2db4a src=192.168.1.21 spt=4222 shost=7c3ea4e4-0cc3-4572-8be5-25feb855f5f1 
2017-12-02T01:10:29.796128+00:00 localhost vcap.agent[914]: 2017/12/02 01:10:29 CEF:0|CloudFoundry|BOSH|1|agent_api|run_script|1|duser=director.63c8959f-2f2c-43b6-85cd-9e85b7ec225e.7c3ea4e4-0cc3-4572-8be5-25feb855f5f1.4cf5411c-2954-4c35-a86d-5572949a55c9 src=192.168.1.21 spt=4222 shost=7c3ea4e4-0cc3-4572-8be5-25feb855f5f1 
2017-12-02T01:11:45.491675+00:00 localhost vcap.agent[914]: 2017/12/02 01:11:45 CEF:0|CloudFoundry|BOSH|1|agent_api|delete_arp_entries|1|duser=director.9efa7e4c-450e-4e1e-aab8-f0a78a21a611.7c3ea4e4-0cc3-4572-8be5-25feb855f5f1.fe001aba-7933-4fb3-8a02-fb9b1c08d45f src=192.168.1.21 spt=4222 shost=7c3ea4e4-0cc3-4572-8be5-25feb855f5f1 
2017-12-02T01:11:54.730458+00:00 localhost vcap.agent[914]: 2017/12/02 01:11:54 CEF:0|CloudFoundry|BOSH|1|agent_api|delete_arp_entries|1|duser=director.431962a5-1bec-4d7d-a9f0-165f59c71ab9.7c3ea4e4-0cc3-4572-8be5-25feb855f5f1.688d5777-02fd-4f3d-a6c1-272e410c0318 src=192.168.1.21 spt=4222 shost=7c3ea4e4-0cc3-4572-8be5-25feb855f5f1 
2017-12-02T01:12:04.916085+00:00 localhost vcap.agent[914]: 2017/12/02 01:12:04 CEF:0|CloudFoundry|BOSH|1|agent_api|delete_arp_entries|1|duser=director.d6b06223-955a-4753-b2e5-f5317051556f.7c3ea4e4-0cc3-4572-8be5-25feb855f5f1.61db820e-1547-49fd-87ca-874cda51fd5a src=192.168.1.21 spt=4222 shost=7c3ea4e4-0cc3-4572-8be5-25feb855f5f1 
2017-12-02T01:12:18.402715+00:00 localhost vcap.agent[914]: 2017/12/02 01:12:18 CEF:0|CloudFoundry|BOSH|1|agent_api|delete_arp_entries|1|duser=director.63c8959f-2f2c-43b6-85cd-9e85b7ec225e.7c3ea4e4-0cc3-4572-8be5-25feb855f5f1.9df95abc-fc58-4315-93bb-adcb7a05f7bc src=192.168.1.21 spt=4222 shost=7c3ea4e4-0cc3-4572-8be5-25feb855f5f1 
2017-12-02T01:13:15.378273+00:00 localhost vcap.agent[914]: 2017/12/02 01:13:15 CEF:0|CloudFoundry|BOSH|1|agent_api|delete_arp_entries|1|duser=director.2f19340a-d285-4cfb-ae36-8b780592d87f.7c3ea4e4-0cc3-4572-8be5-25feb855f5f1.bec4e9d2-7bb5-420f-b714-3ae36da92655 src=192.168.1.21 spt=4222 shost=7c3ea4e4-0cc3-4572-8be5-25feb855f5f1 
2017-12-02T01:14:13.429416+00:00 localhost vcap.agent[914]: 2017/12/02 01:14:13 CEF:0|CloudFoundry|BOSH|1|agent_api|delete_arp_entries|1|duser=director.9efa7e4c-450e-4e1e-aab8-f0a78a21a611.7c3ea4e4-0cc3-4572-8be5-25feb855f5f1.d4ab0952-aa9f-4263-a99b-9bb10541c9ca src=192.168.1.21 spt=4222 shost=7c3ea4e4-0cc3-4572-8be5-25feb855f5f1 
2017-12-02T01:14:27.230700+00:00 localhost vcap.agent[914]: 2017/12/02 01:14:27 CEF:0|CloudFoundry|BOSH|1|agent_api|delete_arp_entries|1|duser=director.d6b06223-955a-4753-b2e5-f5317051556f.7c3ea4e4-0cc3-4572-8be5-25feb855f5f1.e6e6334f-7dec-411c-a500-3916fa26c910 src=192.168.1.21 spt=4222 shost=7c3ea4e4-0cc3-4572-8be5-25feb855f5f1 
2017-12-02T01:14:34.234129+00:00 localhost vcap.agent[914]: 2017/12/02 01:14:34 CEF:0|CloudFoundry|BOSH|1|agent_api|delete_arp_entries|1|duser=director.431962a5-1bec-4d7d-a9f0-165f59c71ab9.7c3ea4e4-0cc3-4572-8be5-25feb855f5f1.621d3dcd-e875-4c35-92fa-f1ba184d3444 src=192.168.1.21 spt=4222 shost=7c3ea4e4-0cc3-4572-8be5-25feb855f5f1 
2017-12-02T01:15:27.181620+00:00 localhost vcap.agent[914]: 2017/12/02 01:15:27 CEF:0|CloudFoundry|BOSH|1|agent_api|delete_arp_entries|1|duser=director.63c8959f-2f2c-43b6-85cd-9e85b7ec225e.7c3ea4e4-0cc3-4572-8be5-25feb855f5f1.0809e453-fac7-4266-9416-9fa9325c82b2 src=192.168.1.21 spt=4222 shost=7c3ea4e4-0cc3-4572-8be5-25feb855f5f1 
2017-12-02T01:16:10.145078+00:00 localhost vcap.agent[914]: 2017/12/02 01:16:10 CEF:0|CloudFoundry|BOSH|1|agent_api|delete_arp_entries|1|duser=director.2f19340a-d285-4cfb-ae36-8b780592d87f.7c3ea4e4-0cc3-4572-8be5-25feb855f5f1.9a46d1ef-e317-462e-9e90-9f807fd9899a src=192.168.1.21 spt=4222 shost=7c3ea4e4-0cc3-4572-8be5-25feb855f5f1 
2017-12-02T01:16:47.238551+00:00 localhost vcap.agent[914]: 2017/12/02 01:16:47 CEF:0|CloudFoundry|BOSH|1|agent_api|delete_arp_entries|1|duser=director.9efa7e4c-450e-4e1e-aab8-f0a78a21a611.7c3ea4e4-0cc3-4572-8be5-25feb855f5f1.5b0fc779-0869-488a-8223-7f866e310696 src=192.168.1.21 spt=4222 shost=7c3ea4e4-0cc3-4572-8be5-25feb855f5f1 
2017-12-02T01:16:58.689029+00:00 localhost vcap.agent[914]: 2017/12/02 01:16:58 CEF:0|CloudFoundry|BOSH|1|agent_api|delete_arp_entries|1|duser=director.d6b06223-955a-4753-b2e5-f5317051556f.7c3ea4e4-0cc3-4572-8be5-25feb855f5f1.a841afbb-a4c2-48d6-8190-f3ceb34e9c16 src=192.168.1.21 spt=4222 shost=7c3ea4e4-0cc3-4572-8be5-25feb855f5f1 
2017-12-02T01:17:09.638202+00:00 localhost vcap.agent[914]: 2017/12/02 01:17:09 CEF:0|CloudFoundry|BOSH|1|agent_api|delete_arp_entries|1|duser=director.431962a5-1bec-4d7d-a9f0-165f59c71ab9.7c3ea4e4-0cc3-4572-8be5-25feb855f5f1.6c44f3fe-81f3-4d01-b72c-6b2226bba0f3 src=192.168.1.21 spt=4222 shost=7c3ea4e4-0cc3-4572-8be5-25feb855f5f1 
2017-12-02T01:18:23.088081+00:00 localhost vcap.agent[914]: 2017/12/02 01:18:23 CEF:0|CloudFoundry|BOSH|1|agent_api|delete_arp_entries|1|duser=director.63c8959f-2f2c-43b6-85cd-9e85b7ec225e.7c3ea4e4-0cc3-4572-8be5-25feb855f5f1.9a3e432e-d978-4514-8b37-c84f688be374 src=192.168.1.21 spt=4222 shost=7c3ea4e4-0cc3-4572-8be5-25feb855f5f1 
2017-12-02T01:19:03.500802+00:00 localhost vcap.agent[914]: 2017/12/02 01:19:03 CEF:0|CloudFoundry|BOSH|1|agent_api|delete_arp_entries|1|duser=director.2f19340a-d285-4cfb-ae36-8b780592d87f.7c3ea4e4-0cc3-4572-8be5-25feb855f5f1.783d14a7-aa96-4d72-b0bf-32610913667d src=192.168.1.21 spt=4222 shost=7c3ea4e4-0cc3-4572-8be5-25feb855f5f1 
2017-12-02T01:19:04.354537+00:00 localhost vcap.agent[914]: 2017/12/02 01:19:04 CEF:0|CloudFoundry|BOSH|1|agent_api|run_script|1|duser=director.63c8959f-2f2c-43b6-85cd-9e85b7ec225e.7c3ea4e4-0cc3-4572-8be5-25feb855f5f1.b717111f-7f4e-4689-953f-231a3736b51a src=192.168.1.21 spt=4222 shost=7c3ea4e4-0cc3-4572-8be5-25feb855f5f1 
2017-12-02T01:19:04.354877+00:00 localhost vcap.agent[914]: 2017/12/02 01:19:04 CEF:0|CloudFoundry|BOSH|1|agent_api|get_task|1|duser=director.63c8959f-2f2c-43b6-85cd-9e85b7ec225e.7c3ea4e4-0cc3-4572-8be5-25feb855f5f1.0c3f76dd-af1e-49e7-b2a1-f1f72f794604 src=192.168.1.21 spt=4222 shost=7c3ea4e4-0cc3-4572-8be5-25feb855f5f1 
2017-12-02T01:19:13.603554+00:00 localhost vcap.agent[914]: 2017/12/02 01:19:13 CEF:0|CloudFoundry|BOSH|1|agent_api|delete_arp_entries|1|duser=director.9efa7e4c-450e-4e1e-aab8-f0a78a21a611.7c3ea4e4-0cc3-4572-8be5-25feb855f5f1.88628bd5-1d74-4477-8a02-3afa798e8d0f src=192.168.1.21 spt=4222 shost=7c3ea4e4-0cc3-4572-8be5-25feb855f5f1 
2017-12-02T01:22:05.147938+00:00 localhost vcap.agent[914]: 2017/12/02 01:22:05 CEF:0|CloudFoundry|BOSH|1|agent_api|delete_arp_entries|1|duser=director.9efa7e4c-450e-4e1e-aab8-f0a78a21a611.7c3ea4e4-0cc3-4572-8be5-25feb855f5f1.b2603bd7-1aff-40bd-a974-d407cbe7c601 src=192.168.1.21 spt=4222 shost=7c3ea4e4-0cc3-4572-8be5-25feb855f5f1 
2017-12-02T01:25:13.555184+00:00 localhost vcap.agent[914]: 2017/12/02 01:25:13 CEF:0|CloudFoundry|BOSH|1|agent_api|delete_arp_entries|1|duser=director.9efa7e4c-450e-4e1e-aab8-f0a78a21a611.7c3ea4e4-0cc3-4572-8be5-25feb855f5f1.61c0331d-8ef9-4a0b-be25-da34e5dfaf34 src=192.168.1.21 spt=4222 shost=7c3ea4e4-0cc3-4572-8be5-25feb855f5f1 
2017-12-02T01:27:16.546692+00:00 localhost vcap.agent[914]: 2017/12/02 01:27:16 CEF:0|CloudFoundry|BOSH|1|agent_api|delete_arp_entries|1|duser=director.9efa7e4c-450e-4e1e-aab8-f0a78a21a611.7c3ea4e4-0cc3-4572-8be5-25feb855f5f1.bc8fc5e7-3d43-4bb0-85d5-838eab0c8f19 src=192.168.1.21 spt=4222 shost=7c3ea4e4-0cc3-4572-8be5-25feb855f5f1 
2017-12-02T01:27:18.357265+00:00 localhost vcap.agent[914]: 2017/12/02 01:27:18 CEF:0|CloudFoundry|BOSH|1|agent_api|delete_arp_entries|1|duser=director.63c8959f-2f2c-43b6-85cd-9e85b7ec225e.7c3ea4e4-0cc3-4572-8be5-25feb855f5f1.7c3cc9d5-2d21-4469-bd87-3fadccdb8e2f src=192.168.1.21 spt=4222 shost=7c3ea4e4-0cc3-4572-8be5-25feb855f5f1 
2017-12-02T01:27:28.632079+00:00 localhost vcap.agent[914]: 2017/12/02 01:27:28 CEF:0|CloudFoundry|BOSH|1|agent_api|delete_arp_entries|1|duser=director.2f19340a-d285-4cfb-ae36-8b780592d87f.7c3ea4e4-0cc3-4572-8be5-25feb855f5f1.311940e5-9f25-4865-bd5f-1b2a0c00e140 src=192.168.1.21 spt=4222 shost=7c3ea4e4-0cc3-4572-8be5-25feb855f5f1 
2017-12-02T01:29:26.464596+00:00 localhost vcap.agent[914]: 2017/12/02 01:29:26 CEF:0|CloudFoundry|BOSH|1|agent_api|delete_arp_entries|1|duser=director.2f19340a-d285-4cfb-ae36-8b780592d87f.7c3ea4e4-0cc3-4572-8be5-25feb855f5f1.912ef2f2-1f4a-423c-887c-1f2c0ae284f3 src=192.168.1.21 spt=4222 shost=7c3ea4e4-0cc3-4572-8be5-25feb855f5f1 
2017-12-02T01:29:31.788523+00:00 localhost vcap.agent[914]: 2017/12/02 01:29:31 CEF:0|CloudFoundry|BOSH|1|agent_api|delete_arp_entries|1|duser=director.9efa7e4c-450e-4e1e-aab8-f0a78a21a611.7c3ea4e4-0cc3-4572-8be5-25feb855f5f1.f5603e57-ca77-43ae-9305-a4f769be525b src=192.168.1.21 spt=4222 shost=7c3ea4e4-0cc3-4572-8be5-25feb855f5f1 
2017-12-02T01:30:12.183082+00:00 localhost vcap.agent[914]: 2017/12/02 01:30:12 CEF:0|CloudFoundry|BOSH|1|agent_api|delete_arp_entries|1|duser=director.63c8959f-2f2c-43b6-85cd-9e85b7ec225e.7c3ea4e4-0cc3-4572-8be5-25feb855f5f1.cd09172e-6264-4fa3-8dcc-acbd1437cbdc src=192.168.1.21 spt=4222 shost=7c3ea4e4-0cc3-4572-8be5-25feb855f5f1 
2017-12-02T01:32:08.072615+00:00 localhost vcap.agent[914]: 2017/12/02 01:32:08 CEF:0|CloudFoundry|BOSH|1|agent_api|delete_arp_entries|1|duser=director.2f19340a-d285-4cfb-ae36-8b780592d87f.7c3ea4e4-0cc3-4572-8be5-25feb855f5f1.db09e5cd-3c88-48d3-beda-71a30e378ff0 src=192.168.1.21 spt=4222 shost=7c3ea4e4-0cc3-4572-8be5-25feb855f5f1 
2017-12-02T01:32:18.779095+00:00 localhost vcap.agent[914]: 2017/12/02 01:32:18 CEF:0|CloudFoundry|BOSH|1|agent_api|delete_arp_entries|1|duser=director.9efa7e4c-450e-4e1e-aab8-f0a78a21a611.7c3ea4e4-0cc3-4572-8be5-25feb855f5f1.33807e96-ac24-4141-a428-b6f0b1d4bc75 src=192.168.1.21 spt=4222 shost=7c3ea4e4-0cc3-4572-8be5-25feb855f5f1 
2017-12-02T01:32:35.567293+00:00 localhost vcap.agent[914]: 2017/12/02 01:32:35 CEF:0|CloudFoundry|BOSH|1|agent_api|delete_arp_entries|1|duser=director.63c8959f-2f2c-43b6-85cd-9e85b7ec225e.7c3ea4e4-0cc3-4572-8be5-25feb855f5f1.5376e64a-4358-477b-88cd-41aa10dbd886 src=192.168.1.21 spt=4222 shost=7c3ea4e4-0cc3-4572-8be5-25feb855f5f1 
2017-12-02T01:34:46.466953+00:00 localhost vcap.agent[914]: 2017/12/02 01:34:46 CEF:0|CloudFoundry|BOSH|1|agent_api|delete_arp_entries|1|duser=director.9efa7e4c-450e-4e1e-aab8-f0a78a21a611.7c3ea4e4-0cc3-4572-8be5-25feb855f5f1.296ca3b6-b14c-4d34-bafb-e84322048c30 src=192.168.1.21 spt=4222 shost=7c3ea4e4-0cc3-4572-8be5-25feb855f5f1 
2017-12-02T01:34:52.907601+00:00 localhost vcap.agent[914]: 2017/12/02 01:34:52 CEF:0|CloudFoundry|BOSH|1|agent_api|delete_arp_entries|1|duser=director.2f19340a-d285-4cfb-ae36-8b780592d87f.7c3ea4e4-0cc3-4572-8be5-25feb855f5f1.79042fdd-3201-49d1-b6f1-1b0cef99f6eb src=192.168.1.21 spt=4222 shost=7c3ea4e4-0cc3-4572-8be5-25feb855f5f1 
2017-12-02T01:37:32.820703+00:00 localhost vcap.agent[914]: 2017/12/02 01:37:32 CEF:0|CloudFoundry|BOSH|1|agent_api|delete_arp_entries|1|duser=director.9efa7e4c-450e-4e1e-aab8-f0a78a21a611.7c3ea4e4-0cc3-4572-8be5-25feb855f5f1.af121c72-dd20-4127-9d67-9d654f878486 src=192.168.1.21 spt=4222 shost=7c3ea4e4-0cc3-4572-8be5-25feb855f5f1 
2017-12-02T01:37:33.431918+00:00 localhost vcap.agent[914]: 2017/12/02 01:37:33 CEF:0|CloudFoundry|BOSH|1|agent_api|delete_arp_entries|1|duser=director.2f19340a-d285-4cfb-ae36-8b780592d87f.7c3ea4e4-0cc3-4572-8be5-25feb855f5f1.b1604053-494c-4e29-a908-cef2a4b4b837 src=192.168.1.21 spt=4222 shost=7c3ea4e4-0cc3-4572-8be5-25feb855f5f1 
2017-12-02T02:10:59.829064+00:00 localhost vcap.agent[914]: 2017/12/02 02:10:59 CEF:0|CloudFoundry|BOSH|1|agent_api|delete_arp_entries|1|duser=director.d6b06223-955a-4753-b2e5-f5317051556f.7c3ea4e4-0cc3-4572-8be5-25feb855f5f1.2667b8c9-485b-445f-84ca-fdf54c637c12 src=192.168.1.21 spt=4222 shost=7c3ea4e4-0cc3-4572-8be5-25feb855f5f1 
2017-12-02T02:11:01.046094+00:00 localhost vcap.agent[914]: 2017/12/02 02:11:01 CEF:0|CloudFoundry|BOSH|1|agent_api|delete_arp_entries|1|duser=director.d6b06223-955a-4753-b2e5-f5317051556f.7c3ea4e4-0cc3-4572-8be5-25feb855f5f1.f3fa10d9-757a-4688-a57b-37d2e742de4d src=192.168.1.21 spt=4222 shost=7c3ea4e4-0cc3-4572-8be5-25feb855f5f1 
2017-12-02T02:11:01.941904+00:00 localhost vcap.agent[914]: 2017/12/02 02:11:01 CEF:0|CloudFoundry|BOSH|1|agent_api|delete_arp_entries|1|duser=director.431962a5-1bec-4d7d-a9f0-165f59c71ab9.7c3ea4e4-0cc3-4572-8be5-25feb855f5f1.d7c04444-4394-4a29-9e61-c7e17015da25 src=192.168.1.21 spt=4222 shost=7c3ea4e4-0cc3-4572-8be5-25feb855f5f1 
2017-12-02T02:11:03.074504+00:00 localhost vcap.agent[914]: 2017/12/02 02:11:03 CEF:0|CloudFoundry|BOSH|1|agent_api|delete_arp_entries|1|duser=director.d6b06223-955a-4753-b2e5-f5317051556f.7c3ea4e4-0cc3-4572-8be5-25feb855f5f1.c5d66e70-fd44-47b9-ab29-bacdb2c3ca51 src=192.168.1.21 spt=4222 shost=7c3ea4e4-0cc3-4572-8be5-25feb855f5f1 
2017-12-02T02:11:05.299225+00:00 localhost vcap.agent[914]: 2017/12/02 02:11:05 CEF:0|CloudFoundry|BOSH|1|agent_api|delete_arp_entries|1|duser=director.d6b06223-955a-4753-b2e5-f5317051556f.7c3ea4e4-0cc3-4572-8be5-25feb855f5f1.6f4c6b90-8183-46a0-9df1-b15ed762900f src=192.168.1.21 spt=4222 shost=7c3ea4e4-0cc3-4572-8be5-25feb855f5f1 
2017-12-02T02:11:07.084141+00:00 localhost vcap.agent[914]: 2017/12/02 02:11:07 CEF:0|CloudFoundry|BOSH|1|agent_api|delete_arp_entries|1|duser=director.d6b06223-955a-4753-b2e5-f5317051556f.7c3ea4e4-0cc3-4572-8be5-25feb855f5f1.d4e65306-7324-40d4-ab81-08184d07395d src=192.168.1.21 spt=4222 shost=7c3ea4e4-0cc3-4572-8be5-25feb855f5f1 
2017-12-02T02:11:08.118296+00:00 localhost vcap.agent[914]: 2017/12/02 02:11:08 CEF:0|CloudFoundry|BOSH|1|agent_api|delete_arp_entries|1|duser=director.9efa7e4c-450e-4e1e-aab8-f0a78a21a611.7c3ea4e4-0cc3-4572-8be5-25feb855f5f1.9852f054-2f46-4f96-95e3-b58ba601bbd0 src=192.168.1.21 spt=4222 shost=7c3ea4e4-0cc3-4572-8be5-25feb855f5f1 
2017-12-02T02:11:08.129050+00:00 localhost vcap.agent[914]: 2017/12/02 02:11:08 CEF:0|CloudFoundry|BOSH|1|agent_api|delete_arp_entries|1|duser=director.9efa7e4c-450e-4e1e-aab8-f0a78a21a611.7c3ea4e4-0cc3-4572-8be5-25feb855f5f1.3a24abb1-19d1-4319-a5c2-a450921c9b8a src=192.168.1.21 spt=4222 shost=7c3ea4e4-0cc3-4572-8be5-25feb855f5f1 
2017-12-02T02:11:08.606726+00:00 localhost vcap.agent[914]: 2017/12/02 02:11:08 CEF:0|CloudFoundry|BOSH|1|agent_api|delete_arp_entries|1|duser=director.9efa7e4c-450e-4e1e-aab8-f0a78a21a611.7c3ea4e4-0cc3-4572-8be5-25feb855f5f1.f5baed55-aa69-4844-bc62-2cbab778eaac src=192.168.1.21 spt=4222 shost=7c3ea4e4-0cc3-4572-8be5-25feb855f5f1 
2017-12-02T02:11:09.470673+00:00 localhost vcap.agent[914]: 2017/12/02 02:11:09 CEF:0|CloudFoundry|BOSH|1|agent_api|delete_arp_entries|1|duser=director.9efa7e4c-450e-4e1e-aab8-f0a78a21a611.7c3ea4e4-0cc3-4572-8be5-25feb855f5f1.337f0326-4705-43ae-ac5f-55e0ed28785c src=192.168.1.21 spt=4222 shost=7c3ea4e4-0cc3-4572-8be5-25feb855f5f1 
2017-12-02T02:11:09.568078+00:00 localhost vcap.agent[914]: 2017/12/02 02:11:09 CEF:0|CloudFoundry|BOSH|1|agent_api|delete_arp_entries|1|duser=director.9efa7e4c-450e-4e1e-aab8-f0a78a21a611.7c3ea4e4-0cc3-4572-8be5-25feb855f5f1.f4ec601f-5522-4ed1-ac11-4cca24c1758d src=192.168.1.21 spt=4222 shost=7c3ea4e4-0cc3-4572-8be5-25feb855f5f1 
2017-12-02T02:11:32.909258+00:00 localhost vcap.agent[914]: 2017/12/02 02:11:32 CEF:0|CloudFoundry|BOSH|1|agent_api|delete_arp_entries|1|duser=director.2f19340a-d285-4cfb-ae36-8b780592d87f.7c3ea4e4-0cc3-4572-8be5-25feb855f5f1.6b63daab-c665-451b-b4f5-630cd6f9c743 src=192.168.1.21 spt=4222 shost=7c3ea4e4-0cc3-4572-8be5-25feb855f5f1 
2017-12-02T02:11:34.628925+00:00 localhost vcap.agent[914]: 2017/12/02 02:11:34 CEF:0|CloudFoundry|BOSH|1|agent_api|delete_arp_entries|1|duser=director.2f19340a-d285-4cfb-ae36-8b780592d87f.7c3ea4e4-0cc3-4572-8be5-25feb855f5f1.fa334aa7-2823-4a27-a739-f7dc3c33d1c8 src=192.168.1.21 spt=4222 shost=7c3ea4e4-0cc3-4572-8be5-25feb855f5f1 
2017-12-02T02:11:36.400396+00:00 localhost vcap.agent[914]: 2017/12/02 02:11:36 CEF:0|CloudFoundry|BOSH|1|agent_api|delete_arp_entries|1|duser=director.2f19340a-d285-4cfb-ae36-8b780592d87f.7c3ea4e4-0cc3-4572-8be5-25feb855f5f1.9f143cfb-5261-426a-829a-73e042f08f61 src=192.168.1.21 spt=4222 shost=7c3ea4e4-0cc3-4572-8be5-25feb855f5f1 
2017-12-02T02:14:07.161059+00:00 localhost vcap.agent[914]: 2017/12/02 02:14:07 CEF:0|CloudFoundry|BOSH|1|agent_api|delete_arp_entries|1|duser=director.63c8959f-2f2c-43b6-85cd-9e85b7ec225e.7c3ea4e4-0cc3-4572-8be5-25feb855f5f1.0b4d0766-4b2f-43ce-8d2d-43e73cc1ff47 src=192.168.1.21 spt=4222 shost=7c3ea4e4-0cc3-4572-8be5-25feb855f5f1 
2017-12-02T02:14:14.009071+00:00 localhost vcap.agent[914]: 2017/12/02 02:14:14 CEF:0|CloudFoundry|BOSH|1|agent_api|delete_arp_entries|1|duser=director.63c8959f-2f2c-43b6-85cd-9e85b7ec225e.7c3ea4e4-0cc3-4572-8be5-25feb855f5f1.de3da47f-622c-472f-9995-f3c8bc5b5e72 src=192.168.1.21 spt=4222 shost=7c3ea4e4-0cc3-4572-8be5-25feb855f5f1 
2017-12-02T02:14:14.207600+00:00 localhost vcap.agent[914]: 2017/12/02 02:14:14 CEF:0|CloudFoundry|BOSH|1|agent_api|delete_arp_entries|1|duser=director.63c8959f-2f2c-43b6-85cd-9e85b7ec225e.7c3ea4e4-0cc3-4572-8be5-25feb855f5f1.66228382-2850-4c8d-a888-a58e393edb94 src=192.168.1.21 spt=4222 shost=7c3ea4e4-0cc3-4572-8be5-25feb855f5f1 
2017-12-02T02:14:15.261413+00:00 localhost vcap.agent[914]: 2017/12/02 02:14:15 CEF:0|CloudFoundry|BOSH|1|agent_api|delete_arp_entries|1|duser=director.431962a5-1bec-4d7d-a9f0-165f59c71ab9.7c3ea4e4-0cc3-4572-8be5-25feb855f5f1.386a7e5e-dcd7-4433-9d45-b0474069dfe4 src=192.168.1.21 spt=4222 shost=7c3ea4e4-0cc3-4572-8be5-25feb855f5f1 
2017-12-02T02:14:19.809690+00:00 localhost vcap.agent[914]: 2017/12/02 02:14:19 CEF:0|CloudFoundry|BOSH|1|agent_api|delete_arp_entries|1|duser=director.63c8959f-2f2c-43b6-85cd-9e85b7ec225e.7c3ea4e4-0cc3-4572-8be5-25feb855f5f1.d849107f-7093-4023-87af-97cbc92644a8 src=192.168.1.21 spt=4222 shost=7c3ea4e4-0cc3-4572-8be5-25feb855f5f1 
2017-12-02T02:14:22.281886+00:00 localhost vcap.agent[914]: 2017/12/02 02:14:22 CEF:0|CloudFoundry|BOSH|1|agent_api|delete_arp_entries|1|duser=director.431962a5-1bec-4d7d-a9f0-165f59c71ab9.7c3ea4e4-0cc3-4572-8be5-25feb855f5f1.6b719d71-74de-47e0-b3e0-c0ac480d2e74 src=192.168.1.21 spt=4222 shost=7c3ea4e4-0cc3-4572-8be5-25feb855f5f1 
2017-12-02T02:14:30.248099+00:00 localhost vcap.agent[914]: 2017/12/02 02:14:30 CEF:0|CloudFoundry|BOSH|1|agent_api|delete_arp_entries|1|duser=director.431962a5-1bec-4d7d-a9f0-165f59c71ab9.7c3ea4e4-0cc3-4572-8be5-25feb855f5f1.cacd7ac6-84b1-407e-9438-dc01a9a23531 src=192.168.1.21 spt=4222 shost=7c3ea4e4-0cc3-4572-8be5-25feb855f5f1 
2017-12-02T02:14:31.056867+00:00 localhost vcap.agent[914]: 2017/12/02 02:14:31 CEF:0|CloudFoundry|BOSH|1|agent_api|delete_arp_entries|1|duser=director.431962a5-1bec-4d7d-a9f0-165f59c71ab9.7c3ea4e4-0cc3-4572-8be5-25feb855f5f1.262654dd-d92d-4e9e-8344-93da4bf73e7a src=192.168.1.21 spt=4222 shost=7c3ea4e4-0cc3-4572-8be5-25feb855f5f1 
2017-12-02T02:14:32.196335+00:00 localhost vcap.agent[914]: 2017/12/02 02:14:32 CEF:0|CloudFoundry|BOSH|1|agent_api|delete_arp_entries|1|duser=director.431962a5-1bec-4d7d-a9f0-165f59c71ab9.7c3ea4e4-0cc3-4572-8be5-25feb855f5f1.de5da76e-2ca7-4d3a-9f1a-174a9c7be3b8 src=192.168.1.21 spt=4222 shost=7c3ea4e4-0cc3-4572-8be5-25feb855f5f1 
2017-12-02T02:14:34.206825+00:00 localhost vcap.agent[914]: 2017/12/02 02:14:34 CEF:0|CloudFoundry|BOSH|1|agent_api|delete_arp_entries|1|duser=director.63c8959f-2f2c-43b6-85cd-9e85b7ec225e.7c3ea4e4-0cc3-4572-8be5-25feb855f5f1.d208f415-4055-4cb3-b4c5-7828aa745d4c src=192.168.1.21 spt=4222 shost=7c3ea4e4-0cc3-4572-8be5-25feb855f5f1 
2017-12-02T02:16:05.755892+00:00 localhost vcap.agent[914]: 2017/12/02 02:16:05 CEF:0|CloudFoundry|BOSH|1|agent_api|delete_arp_entries|1|duser=director.2f19340a-d285-4cfb-ae36-8b780592d87f.7c3ea4e4-0cc3-4572-8be5-25feb855f5f1.70713c25-ba3d-4f4e-9757-35b66a81d824 src=192.168.1.21 spt=4222 shost=7c3ea4e4-0cc3-4572-8be5-25feb855f5f1 
2017-12-02T02:16:50.886895+00:00 localhost vcap.agent[914]: 2017/12/02 02:16:50 CEF:0|CloudFoundry|BOSH|1|agent_api|delete_arp_entries|1|duser=director.9efa7e4c-450e-4e1e-aab8-f0a78a21a611.7c3ea4e4-0cc3-4572-8be5-25feb855f5f1.bb545355-233d-48bc-910e-ebd50586e9f1 src=192.168.1.21 spt=4222 shost=7c3ea4e4-0cc3-4572-8be5-25feb855f5f1 
2017-12-02T02:16:51.774168+00:00 localhost vcap.agent[914]: 2017/12/02 02:16:51 CEF:0|CloudFoundry|BOSH|1|agent_api|delete_arp_entries|1|duser=director.9efa7e4c-450e-4e1e-aab8-f0a78a21a611.7c3ea4e4-0cc3-4572-8be5-25feb855f5f1.2a1af428-340c-4c71-8597-384b78764b27 src=192.168.1.21 spt=4222 shost=7c3ea4e4-0cc3-4572-8be5-25feb855f5f1 
2017-12-02T02:16:53.184710+00:00 localhost vcap.agent[914]: 2017/12/02 02:16:53 CEF:0|CloudFoundry|BOSH|1|agent_api|delete_arp_entries|1|duser=director.d6b06223-955a-4753-b2e5-f5317051556f.7c3ea4e4-0cc3-4572-8be5-25feb855f5f1.ffd7d6b0-b675-4365-b418-c7ae7f3251ff src=192.168.1.21 spt=4222 shost=7c3ea4e4-0cc3-4572-8be5-25feb855f5f1 
2017-12-02T02:16:53.304828+00:00 localhost vcap.agent[914]: 2017/12/02 02:16:53 CEF:0|CloudFoundry|BOSH|1|agent_api|delete_arp_entries|1|duser=director.d6b06223-955a-4753-b2e5-f5317051556f.7c3ea4e4-0cc3-4572-8be5-25feb855f5f1.c24c0c99-5fb4-439e-8964-7ac85b6ce4e6 src=192.168.1.21 spt=4222 shost=7c3ea4e4-0cc3-4572-8be5-25feb855f5f1 
2017-12-02T02:16:53.338384+00:00 localhost vcap.agent[914]: 2017/12/02 02:16:53 CEF:0|CloudFoundry|BOSH|1|agent_api|delete_arp_entries|1|duser=director.d6b06223-955a-4753-b2e5-f5317051556f.7c3ea4e4-0cc3-4572-8be5-25feb855f5f1.093b2eb9-0739-4b3d-946a-da52faa50017 src=192.168.1.21 spt=4222 shost=7c3ea4e4-0cc3-4572-8be5-25feb855f5f1 
2017-12-02T02:16:53.399935+00:00 localhost vcap.agent[914]: 2017/12/02 02:16:53 CEF:0|CloudFoundry|BOSH|1|agent_api|delete_arp_entries|1|duser=director.9efa7e4c-450e-4e1e-aab8-f0a78a21a611.7c3ea4e4-0cc3-4572-8be5-25feb855f5f1.052ad138-d4d3-420f-8082-1f8180342082 src=192.168.1.21 spt=4222 shost=7c3ea4e4-0cc3-4572-8be5-25feb855f5f1 
2017-12-02T02:27:46.197264+00:00 localhost vcap.agent[914]: 2017/12/02 02:27:46 CEF:0|CloudFoundry|BOSH|1|agent_api|delete_arp_entries|1|duser=director.63c8959f-2f2c-43b6-85cd-9e85b7ec225e.7c3ea4e4-0cc3-4572-8be5-25feb855f5f1.fd00e376-ecca-4fe4-9a72-a0889c209fb9 src=192.168.1.21 spt=4222 shost=7c3ea4e4-0cc3-4572-8be5-25feb855f5f1 
2017-12-02T02:28:52.300732+00:00 localhost vcap.agent[914]: 2017/12/02 02:28:52 CEF:0|CloudFoundry|BOSH|1|agent_api|delete_arp_entries|1|duser=director.2f19340a-d285-4cfb-ae36-8b780592d87f.7c3ea4e4-0cc3-4572-8be5-25feb855f5f1.e4ea3177-ebf7-4413-ac9b-bca8ddea391c src=192.168.1.21 spt=4222 shost=7c3ea4e4-0cc3-4572-8be5-25feb855f5f1 
2017-12-02T02:28:54.326244+00:00 localhost vcap.agent[914]: 2017/12/02 02:28:54 CEF:0|CloudFoundry|BOSH|1|agent_api|delete_arp_entries|1|duser=director.2f19340a-d285-4cfb-ae36-8b780592d87f.7c3ea4e4-0cc3-4572-8be5-25feb855f5f1.4b9269b4-c045-4aec-8067-eedc0f5ad892 src=192.168.1.21 spt=4222 shost=7c3ea4e4-0cc3-4572-8be5-25feb855f5f1 
2017-12-02T02:29:45.649307+00:00 localhost vcap.agent[914]: 2017/12/02 02:29:45 CEF:0|CloudFoundry|BOSH|1|agent_api|delete_arp_entries|1|duser=director.9efa7e4c-450e-4e1e-aab8-f0a78a21a611.7c3ea4e4-0cc3-4572-8be5-25feb855f5f1.2f5d2798-638f-477a-bd86-3725e129d351 src=192.168.1.21 spt=4222 shost=7c3ea4e4-0cc3-4572-8be5-25feb855f5f1 
2017-12-02T02:30:16.569537+00:00 localhost vcap.agent[914]: 2017/12/02 02:30:16 CEF:0|CloudFoundry|BOSH|1|agent_api|delete_arp_entries|1|duser=director.63c8959f-2f2c-43b6-85cd-9e85b7ec225e.7c3ea4e4-0cc3-4572-8be5-25feb855f5f1.47121195-b1f2-4eff-b269-27a8dc9f338e src=192.168.1.21 spt=4222 shost=7c3ea4e4-0cc3-4572-8be5-25feb855f5f1 
2017-12-02T02:30:21.034311+00:00 localhost vcap.agent[914]: 2017/12/02 02:30:21 CEF:0|CloudFoundry|BOSH|1|agent_api|delete_arp_entries|1|duser=director.2f19340a-d285-4cfb-ae36-8b780592d87f.7c3ea4e4-0cc3-4572-8be5-25feb855f5f1.1904445f-04d5-4ba5-b525-25cd995fcefa src=192.168.1.21 spt=4222 shost=7c3ea4e4-0cc3-4572-8be5-25feb855f5f1 
